Archive member included to satisfy reference by file (symbol)

D:/Arm_GNU_Toolchain/arm-none-eabi/bin/../lib/gcc/arm-none-eabi/14.3.1/../../../../arm-none-eabi/lib/thumb/v7e-m+fp/hard\libc_nano.a(libc_a-exit.o)
                              D:/Arm_GNU_Toolchain/arm-none-eabi/bin/../lib/gcc/arm-none-eabi/14.3.1/../../../../arm-none-eabi/lib/thumb/v7e-m+fp/hard/crt0.o (exit)
D:/Arm_GNU_Toolchain/arm-none-eabi/bin/../lib/gcc/arm-none-eabi/14.3.1/../../../../arm-none-eabi/lib/thumb/v7e-m+fp/hard\libc_nano.a(libc_a-findfp.o)
                              D:/Arm_GNU_Toolchain/arm-none-eabi/bin/../lib/gcc/arm-none-eabi/14.3.1/../../../../arm-none-eabi/lib/thumb/v7e-m+fp/hard\libc_nano.a(libc_a-exit.o) (__stdio_exit_handler)
D:/Arm_GNU_Toolchain/arm-none-eabi/bin/../lib/gcc/arm-none-eabi/14.3.1/../../../../arm-none-eabi/lib/thumb/v7e-m+fp/hard\libc_nano.a(libc_a-fwalk.o)
                              D:/Arm_GNU_Toolchain/arm-none-eabi/bin/../lib/gcc/arm-none-eabi/14.3.1/../../../../arm-none-eabi/lib/thumb/v7e-m+fp/hard\libc_nano.a(libc_a-findfp.o) (_fwalk_sglue)
D:/Arm_GNU_Toolchain/arm-none-eabi/bin/../lib/gcc/arm-none-eabi/14.3.1/../../../../arm-none-eabi/lib/thumb/v7e-m+fp/hard\libc_nano.a(libc_a-stdio.o)
                              D:/Arm_GNU_Toolchain/arm-none-eabi/bin/../lib/gcc/arm-none-eabi/14.3.1/../../../../arm-none-eabi/lib/thumb/v7e-m+fp/hard\libc_nano.a(libc_a-findfp.o) (__sread)
D:/Arm_GNU_Toolchain/arm-none-eabi/bin/../lib/gcc/arm-none-eabi/14.3.1/../../../../arm-none-eabi/lib/thumb/v7e-m+fp/hard\libc_nano.a(libc_a-memset.o)
                              D:/Arm_GNU_Toolchain/arm-none-eabi/bin/../lib/gcc/arm-none-eabi/14.3.1/../../../../arm-none-eabi/lib/thumb/v7e-m+fp/hard/crt0.o (memset)
D:/Arm_GNU_Toolchain/arm-none-eabi/bin/../lib/gcc/arm-none-eabi/14.3.1/../../../../arm-none-eabi/lib/thumb/v7e-m+fp/hard\libc_nano.a(libc_a-closer.o)
                              D:/Arm_GNU_Toolchain/arm-none-eabi/bin/../lib/gcc/arm-none-eabi/14.3.1/../../../../arm-none-eabi/lib/thumb/v7e-m+fp/hard\libc_nano.a(libc_a-stdio.o) (_close_r)
D:/Arm_GNU_Toolchain/arm-none-eabi/bin/../lib/gcc/arm-none-eabi/14.3.1/../../../../arm-none-eabi/lib/thumb/v7e-m+fp/hard\libc_nano.a(libc_a-reent.o)
                              D:/Arm_GNU_Toolchain/arm-none-eabi/bin/../lib/gcc/arm-none-eabi/14.3.1/../../../../arm-none-eabi/lib/thumb/v7e-m+fp/hard\libc_nano.a(libc_a-closer.o) (errno)
D:/Arm_GNU_Toolchain/arm-none-eabi/bin/../lib/gcc/arm-none-eabi/14.3.1/../../../../arm-none-eabi/lib/thumb/v7e-m+fp/hard\libc_nano.a(libc_a-impure.o)
                              D:/Arm_GNU_Toolchain/arm-none-eabi/bin/../lib/gcc/arm-none-eabi/14.3.1/../../../../arm-none-eabi/lib/thumb/v7e-m+fp/hard\libc_nano.a(libc_a-reent.o) (_impure_ptr)
D:/Arm_GNU_Toolchain/arm-none-eabi/bin/../lib/gcc/arm-none-eabi/14.3.1/../../../../arm-none-eabi/lib/thumb/v7e-m+fp/hard\libc_nano.a(libc_a-lseekr.o)
                              D:/Arm_GNU_Toolchain/arm-none-eabi/bin/../lib/gcc/arm-none-eabi/14.3.1/../../../../arm-none-eabi/lib/thumb/v7e-m+fp/hard\libc_nano.a(libc_a-stdio.o) (_lseek_r)
D:/Arm_GNU_Toolchain/arm-none-eabi/bin/../lib/gcc/arm-none-eabi/14.3.1/../../../../arm-none-eabi/lib/thumb/v7e-m+fp/hard\libc_nano.a(libc_a-readr.o)
                              D:/Arm_GNU_Toolchain/arm-none-eabi/bin/../lib/gcc/arm-none-eabi/14.3.1/../../../../arm-none-eabi/lib/thumb/v7e-m+fp/hard\libc_nano.a(libc_a-stdio.o) (_read_r)
D:/Arm_GNU_Toolchain/arm-none-eabi/bin/../lib/gcc/arm-none-eabi/14.3.1/../../../../arm-none-eabi/lib/thumb/v7e-m+fp/hard\libc_nano.a(libc_a-writer.o)
                              D:/Arm_GNU_Toolchain/arm-none-eabi/bin/../lib/gcc/arm-none-eabi/14.3.1/../../../../arm-none-eabi/lib/thumb/v7e-m+fp/hard\libc_nano.a(libc_a-stdio.o) (_write_r)
D:/Arm_GNU_Toolchain/arm-none-eabi/bin/../lib/gcc/arm-none-eabi/14.3.1/../../../../arm-none-eabi/lib/thumb/v7e-m+fp/hard\libc_nano.a(libc_a-init.o)
                              D:/Arm_GNU_Toolchain/arm-none-eabi/bin/../lib/gcc/arm-none-eabi/14.3.1/../../../../arm-none-eabi/lib/thumb/v7e-m+fp/hard/crt0.o (__libc_init_array)
D:/Arm_GNU_Toolchain/arm-none-eabi/bin/../lib/gcc/arm-none-eabi/14.3.1/../../../../arm-none-eabi/lib/thumb/v7e-m+fp/hard\libc_nano.a(libc_a-lock.o)
                              D:/Arm_GNU_Toolchain/arm-none-eabi/bin/../lib/gcc/arm-none-eabi/14.3.1/../../../../arm-none-eabi/lib/thumb/v7e-m+fp/hard\libc_nano.a(libc_a-findfp.o) (__retarget_lock_init_recursive)
D:/Arm_GNU_Toolchain/arm-none-eabi/bin/../lib/gcc/arm-none-eabi/14.3.1/../../../../arm-none-eabi/lib/thumb/v7e-m+fp/hard\libc_nano.a(libc_a-freer.o)
                              D:/Arm_GNU_Toolchain/arm-none-eabi/bin/../lib/gcc/arm-none-eabi/14.3.1/../../../../arm-none-eabi/lib/thumb/v7e-m+fp/hard\libc_nano.a(libc_a-reent.o) (_free_r)
D:/Arm_GNU_Toolchain/arm-none-eabi/bin/../lib/gcc/arm-none-eabi/14.3.1/../../../../arm-none-eabi/lib/thumb/v7e-m+fp/hard\libc_nano.a(libc_a-mallocr.o)
[...]
Memory Configuration

Name             Origin             Length             Attributes
RAM              0x20000000         0x00020000         xrw
CCMRAM           0x10000000         0x00010000         xrw
FLASH            0x08000000         0x00100000         xr
*default*        0x00000000         0xffffffff

Linker script and memory map

LOAD D:/Arm_GNU_Toolchain/arm-none-eabi/bin/../lib/gcc/arm-none-eabi/14.3.1/thumb/v7e-m+fp/hard/crti.o
LOAD D:/Arm_GNU_Toolchain/arm-none-eabi/bin/../lib/gcc/arm-none-eabi/14.3.1/thumb/v7e-m+fp/hard/crtbegin.o
LOAD D:/Arm_GNU_Toolchain/arm-none-eabi/bin/../lib/gcc/arm-none-eabi/14.3.1/../../../../arm-none-eabi/lib/thumb/v7e-m+fp/hard/crt0.o
START GROUP
LOAD D:/Arm_GNU_Toolchain/arm-none-eabi/bin/../lib/gcc/arm-none-eabi/14.3.1/../../../../arm-none-eabi/lib/thumb/v7e-m+fp/hard\libc_nano.a
LOAD D:/Arm_GNU_Toolchain/arm-none-eabi/bin/../lib/gcc/arm-none-eabi/14.3.1/../../../../arm-none-eabi/lib/thumb/v7e-m+fp/hard\libm.a
END GROUP
LOAD cmake/stm32cubemx/CMakeFiles/STM32_Drivers.dir/__/__/Core/Src/system_stm32f4xx.c.obj
LOAD cmake/stm32cubemx/CMakeFiles/STM32_Drivers.dir/__/__/Drivers/STM32F4xx_HAL_Driver/Src/stm32f4xx_hal_rcc.c.obj
LOAD cmake/stm32cubemx/CMakeFiles/STM32_Drivers.dir/__/__/Drivers/STM32F4xx_HAL_Driver/Src/stm32f4xx_hal_rcc_ex.c.obj
LOAD cmake/stm32cubemx/CMakeFiles/STM32_Drivers.dir/__/__/Drivers/STM32F4xx_HAL_Driver/Src/stm32f4xx_hal_flash.c.obj
LOAD cmake/stm32cubemx/CMakeFiles/STM32_Drivers.dir/__/__/Drivers/STM32F4xx_HAL_Driver/Src/stm32f4xx_hal_flash_ex.c.obj
LOAD cmake/stm32cubemx/CMakeFiles/STM32_Drivers.dir/__/__/Drivers/STM32F4xx_HAL_Driver/Src/stm32f4xx_hal_flash_ramfunc.c.obj
LOAD cmake/stm32cubemx/CMakeFiles/STM32_Drivers.dir/__/__/Drivers/STM32F4xx_HAL_Driver/Src/stm32f4xx_hal_gpio.c.obj
LOAD cmake/stm32cubemx/CMakeFiles/STM32_Drivers.dir/__/__/Drivers/STM32F4xx_HAL_Driver/Src/stm32f4xx_hal_dma_ex.c.obj
LOAD cmake/stm32cubemx/CMakeFiles/STM32_Drivers.dir/__/__/Drivers/STM32F4xx_HAL_Driver/Src/stm32f4xx_hal_dma.c.obj
LOAD cmake/stm32cubemx/CMakeFiles/STM32_Drivers.dir/__/__/Drivers/STM32F4xx_HAL_Driver/Src/stm32f4xx_hal_pwr.c.obj
LOAD cmake/stm32cubemx/CMakeFiles/STM32_Drivers.dir/__/__/Drivers/STM32F4xx_HAL_Driver/Src/stm32f4xx_hal_pwr_ex.c.obj
LOAD cmake/stm32cubemx/CMakeFiles/STM32_Drivers.dir/__/__/Drivers/STM32F4xx_HAL_Driver/Src/stm32f4xx_hal_cortex.c.obj
LOAD cmake/stm32cubemx/CMakeFiles/STM32_Drivers.dir/__/__/Drivers/STM32F4xx_HAL_Driver/Src/stm32f4xx_hal.c.obj
LOAD cmake/stm32cubemx/CMakeFiles/STM32_Drivers.dir/__/__/Drivers/STM32F4xx_HAL_Driver/Src/stm32f4xx_hal_exti.c.obj
LOAD cmake/stm32cubemx/CMakeFiles/STM32_Drivers.dir/__/__/Drivers/STM32F4xx_HAL_Driver/Src/stm32f4xx_hal_uart.c.obj
LOAD cmake/stm32cubemx/CMakeFiles/STM32_Drivers.dir/__/__/Drivers/STM32F4xx_HAL_Driver/Src/stm32f4xx_hal_iwdg.c.obj
LOAD cmake/stm32cubemx/CMakeFiles/STM32_Drivers.dir/__/__/Drivers/STM32F4xx_HAL_Driver/Src/stm32f4xx_hal_wwdg.c.obj
LOAD cmake/stm32cubemx/CMakeFiles/STM32_Drivers.dir/__/__/Drivers/STM32F4xx_HAL_Driver/Src/stm32f4xx_hal_tim.c.obj
LOAD cmake/stm32cubemx/CMakeFiles/STM32_Drivers.dir/__/__/Drivers/STM32F4xx_HAL_Driver/Src/stm32f4xx_hal_tim_ex.c.obj
LOAD cmake/stm32cubemx/CMakeFiles/STM32_Drivers.dir/__/__/Drivers/STM32F4xx_HAL_Driver/Src/stm32f4xx_hal_sram.c.obj
LOAD cmake/stm32cubemx/CMakeFiles/STM32_Drivers.dir/__/__/Drivers/STM32F4xx_HAL_Driver/Src/stm32f4xx_ll_fsmc.c.obj
LOAD CMakeFiles/App.dir/Core/Src/main.c.obj
LOAD CMakeFiles/App.dir/Core/Src/stm32f4xx_it.c.obj
LOAD CMakeFiles/App.dir/Core/Src/stm32f4xx_hal_msp.c.obj
LOAD CMakeFiles/App.dir/Core/Src/sysmem.c.obj
LOAD CMakeFiles/App.dir/Core/Src/syscalls.c.obj
LOAD CMakeFiles/App.dir/startup_stm32f407xx.s.obj
LOAD CMakeFiles/App.dir/Drivers/SYSTEM/sys/sys.c.obj
LOAD CMakeFiles/App.dir/Drivers/SYSTEM/usart/usart.c.obj
LOAD CMakeFiles/App.dir/Drivers/SYSTEM/delay/delay.c.obj
LOAD CMakeFiles/App.dir/Drivers/BSP/LED/led.c.obj
LOAD CMakeFiles/App.dir/Drivers/BSP/BEEP/beep.c.obj
LOAD CMakeFiles/App.dir/Drivers/BSP/KEY/key.c.obj
LOAD CMakeFiles/App.dir/Drivers/BSP/EXTI/exti.c.obj
LOAD CMakeFiles/App.dir/Drivers/BSP/WDG/wdg.c.obj
LOAD CMakeFiles/App.dir/Drivers/BSP/TIMER/btim.c.obj
LOAD CMakeFiles/App.dir/Drivers/BSP/LCD/lcd.c.obj
START GROUP
LOAD D:/Arm_GNU_Toolchain/arm-none-eabi/bin/../lib/gcc/arm-none-eabi/14.3.1/thumb/v7e-m+fp/hard\libgcc.a
LOAD D:/Arm_GNU_Toolchain/arm-none-eabi/bin/../lib/gcc/arm-none-eabi/14.3.1/../../../../arm-none-eabi/lib/thumb/v7e-m+fp/hard\libg_nano.a
LOAD D:/Arm_GNU_Toolchain/arm-none-eabi/bin/../lib/gcc/arm-none-eabi/14.3.1/../../../../arm-none-eabi/lib/thumb/v7e-m+fp/hard\libc_nano.a
END GROUP
START GROUP
LOAD D:/Arm_GNU_Toolchain/arm-none-eabi/bin/../lib/gcc/arm-none-eabi/14.3.1/thumb/v7e-m+fp/hard\libgcc.a
LOAD D:/Arm_GNU_Toolchain/arm-none-eabi/bin/../lib/gcc/arm-none-eabi/14.3.1/../../../../arm-none-eabi/lib/thumb/v7e-m+fp/hard\libc_nano.a
END GROUP
LOAD D:/Arm_GNU_Toolchain/arm-none-eabi/bin/../lib/gcc/arm-none-eabi/14.3.1/thumb/v7e-m+fp/hard/crtend.o
LOAD D:/Arm_GNU_Toolchain/arm-none-eabi/bin/../lib/gcc/arm-none-eabi/14.3.1/thumb/v7e-m+fp/hard/crtn.o
                0x20020000                        _estack = (ORIGIN (RAM) + LENGTH (RAM))
                0x00000200                        _Min_Heap_Size = 0x200
                0x00000400                        _Min_Stack_Size = 0x400

.isr_vector     0x08000000      0x188
                0x08000000                        . = ALIGN (0x4)
 *(.isr_vector)
 .isr_vector    0x08000000      0x188 CMakeFiles/App.dir/startup_stm32f407xx.s.obj
                0x08000000                g_pfnVectors
                0x08000188                        . = ALIGN (0x4)

.text           0x08000190     0x8924
                0x08000190                        . = ALIGN (0x4)
 *(.text)
 .text          0x08000190      0x254 D:/Arm_GNU_Toolchain/arm-none-eabi/bin/../lib/gcc/arm-none-eabi/14.3.1/thumb/v7e-m+fp/hard\libgcc.a(_arm_muldf3.o)
                0x08000190                __muldf3
                0x08000190                __aeabi_dmul
 .text          0x080003e4      0x378 D:/Arm_GNU_Toolchain/arm-none-eabi/bin/../lib/gcc/arm-none-eabi/14.3.1/thumb/v7e-m+fp/hard\libgcc.a(_arm_addsubdf3.o)
                0x080003e4                __aeabi_drsub
                0x080003ec                __aeabi_dsub
                0x080003ec                __subdf3
                0x080003f0                __aeabi_dadd
                0x080003f0                __adddf3
                0x08000668                __floatunsidf
                0x08000668                __aeabi_ui2d
                0x08000688                __floatsidf
                0x08000688                __aeabi_i2d
                0x080006ac                __aeabi_f2d
                0x080006ac                __extendsfdf2
                0x080006f0                __floatundidf
                0x080006f0                __aeabi_ul2d
                0x08000700                __floatdidf
                0x08000700                __aeabi_l2d
 .text          0x0800075c       0x40 D:/Arm_GNU_Toolchain/arm-none-eabi/bin/../lib/gcc/arm-none-eabi/14.3.1/thumb/v7e-m+fp/hard\libgcc.a(_arm_fixunsdfsi.o)
                0x0800075c                __aeabi_d2uiz
                0x0800075c                __fixunsdfsi
 .text          0x0800079c       0x30 D:/Arm_GNU_Toolchain/arm-none-eabi/bin/../lib/gcc/arm-none-eabi/14.3.1/thumb/v7e-m+fp/hard\libgcc.a(_aeabi_uldivmod.o)
                0x0800079c                __aeabi_uldivmod
 .text          0x080007cc        0x4 D:/Arm_GNU_Toolchain/arm-none-eabi/bin/../lib/gcc/arm-none-eabi/14.3.1/thumb/v7e-m+fp/hard\libgcc.a(_dvmd_tls.o)
                0x080007cc                __aeabi_idiv0
                0x080007cc                __aeabi_ldiv0
 .text          0x080007d0       0xa0 D:/Arm_GNU_Toolchain/arm-none-eabi/bin/../lib/gcc/arm-none-eabi/14.3.1/../../../../arm-none-eabi/lib/thumb/v7e-m+fp/hard\libg_nano.a(libc_a-memchr.o)
                0x080007d0                memchr
 *(.text*)
 .text.deregister_tm_clones
                0x08000870       0x1c D:/Arm_GNU_Toolchain/arm-none-eabi/bin/../lib/gcc/arm-none-eabi/14.3.1/thumb/v7e-m+fp/hard/crtbegin.o
 .text.register_tm_clones
                0x0800088c       0x24 D:/Arm_GNU_Toolchain/arm-none-eabi/bin/../lib/gcc/arm-none-eabi/14.3.1/thumb/v7e-m+fp/hard/crtbegin.o
 .text.__do_global_dtors_aux
                0x080008b0       0x28 D:/Arm_GNU_Toolchain/arm-none-eabi/bin/../lib/gcc/arm-none-eabi/14.3.1/thumb/v7e-m+fp/hard/crtbegin.o
 .text.frame_dummy
                0x080008d8       0x24 D:/Arm_GNU_Toolchain/arm-none-eabi/bin/../lib/gcc/arm-none-eabi/14.3.1/thumb/v7e-m+fp/hard/crtbegin.o
 .text.std      0x080008fc       0x6c D:/Arm_GNU_Toolchain/arm-none-eabi/bin/../lib/gcc/arm-none-eabi/14.3.1/../../../../arm-none-eabi/lib/thumb/v7e-m+fp/hard\libc_nano.a(libc_a-findfp.o)
 .text.stdio_exit_handler
                0x08000968       0x18 D:/Arm_GNU_Toolchain/arm-none-eabi/bin/../lib/gcc/arm-none-eabi/14.3.1/../../../../arm-none-eabi/lib/thumb/v7e-m+fp/hard\libc_nano.a(libc_a-findfp.o)
 .text.cleanup_stdio
                0x08000980       0x40 D:/Arm_GNU_Toolchain/arm-none-eabi/bin/../lib/gcc/arm-none-eabi/14.3.1/../../../../arm-none-eabi/lib/thumb/v7e-m+fp/hard\libc_nano.a(libc_a-findfp.o)
 .text.global_stdio_init.part.0
                0x080009c0       0x40 D:/Arm_GNU_Toolchain/arm-none-eabi/bin/../lib/gcc/arm-none-eabi/14.3.1/../../../../arm-none-eabi/lib/thumb/v7e-m+fp/hard\libc_nano.a(libc_a-findfp.o)
 .text.__sfp_lock_acquire
                0x08000a00        0xc D:/Arm_GNU_Toolchain/arm-none-eabi/bin/../lib/gcc/arm-none-eabi/14.3.1/../../../../arm-none-eabi/lib/thumb/v7e-m+fp/hard\libc_nano.a(libc_a-findfp.o)
                0x08000a00                __sfp_lock_acquire
 .text.__sfp_lock_release
                0x08000a0c        0xc D:/Arm_GNU_Toolchain/arm-none-eabi/bin/../lib/gcc/arm-none-eabi/14.3.1/../../../../arm-none-eabi/lib/thumb/v7e-m+fp/hard\libc_nano.a(libc_a-findfp.o)
                0x08000a0c                __sfp_lock_release
 .text.__sinit  0x08000a18       0x30 D:/Arm_GNU_Toolchain/arm-none-eabi/bin/../lib/gcc/arm-none-eabi/14.3.1/../../../../arm-none-eabi/lib/thumb/v7e-m+fp/hard\libc_nano.a(libc_a-findfp.o)
                0x08000a18                __sinit
 .text._fwalk_sglue
                0x08000a48       0x3c D:/Arm_GNU_Toolchain/arm-none-eabi/bin/../lib/gcc/arm-none-eabi/14.3.1/../../../../arm-none-eabi/lib/thumb/v7e-m+fp/hard\libc_nano.a(libc_a-fwalk.o)
                0x08000a48                _fwalk_sglue
 .text.__sread  0x08000a84       0x22 D:/Arm_GNU_Toolchain/arm-none-eabi/bin/../lib/gcc/arm-none-eabi/14.3.1/../../../../arm-none-eabi/lib/thumb/v7e-m+fp/hard\libc_nano.a(libc_a-stdio.o)
                0x08000a84                __sread
 .text.__swrite
                0x08000aa6       0x38 D:/Arm_GNU_Toolchain/arm-none-eabi/bin/../lib/gcc/arm-none-eabi/14.3.1/../../../../arm-none-eabi/lib/thumb/v7e-m+fp/hard\libc_nano.a(libc_a-stdio.o)
                0x08000aa6                __swrite
 .text.__sseek  0x08000ade       0x26 D:/Arm_GNU_Toolchain/arm-none-eabi/bin/../lib/gcc/arm-none-eabi/14.3.1/../../../../arm-none-eabi/lib/thumb/v7e-m+fp/hard\libc_nano.a(libc_a-stdio.o)
                0x08000ade                __sseek
 .text.__sclose
                0x08000b04        0x8 D:/Arm_GNU_Toolchain/arm-none-eabi/bin/../lib/gcc/arm-none-eabi/14.3.1/../../../../arm-none-eabi/lib/thumb/v7e-m+fp/hard\libc_nano.a(libc_a-stdio.o)
                0x08000b04                __sclose
 .text.memset   0x08000b0c       0x10 D:/Arm_GNU_Toolchain/arm-none-eabi/bin/../lib/gcc/arm-none-eabi/14.3.1/../../../../arm-none-eabi/lib/thumb/v7e-m+fp/hard\libc_nano.a(libc_a-memset.o)
                0x08000b0c                memset
 .text._close_r
                0x08000b1c       0x20 D:/Arm_GNU_Toolchain/arm-none-eabi/bin/../lib/gcc/arm-none-eabi/14.3.1/../../../../arm-none-eabi/lib/thumb/v7e-m+fp/hard\libc_nano.a(libc_a-closer.o)
                0x08000b1c                _close_r
 .text._lseek_r
                0x08000b3c       0x24 D:/Arm_GNU_Toolchain/arm-none-eabi/bin/../lib/gcc/arm-none-eabi/14.3.1/../../../../arm-none-eabi/lib/thumb/v7e-m+fp/hard\libc_nano.a(libc_a-lseekr.o)
                0x08000b3c                _lseek_r
 .text._read_r  0x08000b60       0x24 D:/Arm_GNU_Toolchain/arm-none-eabi/bin/../lib/gcc/arm-none-eabi/14.3.1/../../../../arm-none-eabi/lib/thumb/v7e-m+fp/hard\libc_nano.a(libc_a-readr.o)
                0x08000b60                _read_r
 .text._write_r
                0x08000b84       0x24 D:/Arm_GNU_Toolchain/arm-none-eabi/bin/../lib/gcc/arm-none-eabi/14.3.1/../../../../arm-none-eabi/lib/thumb/v7e-m+fp/hard\libc_nano.a(libc_a-writer.o)
                0x08000b84                _write_r
 .text.__libc_init_array
                0x08000ba8       0x48 D:/Arm_GNU_Toolchain/arm-none-eabi/bin/../lib/gcc/arm-none-eabi/14.3.1/../../../../arm-none-eabi/lib/thumb/v7e-m+fp/hard\libc_nano.a(libc_a-init.o)
                0x08000ba8                __libc_init_array
 .text.__retarget_lock_init_recursive
                0x08000bf0        0x2 D:/Arm_GNU_Toolchain/arm-none-eabi/bin/../lib/gcc/arm-none-eabi/14.3.1/../../../../arm-none-eabi/lib/thumb/v7e-m+fp/hard\libc_nano.a(libc_a-lock.o)
                0x08000bf0                __retarget_lock_init_recursive
 .text.__retarget_lock_acquire_recursive
                0x08000bf2        0x2 D:/Arm_GNU_Toolchain/arm-none-eabi/bin/../lib/gcc/arm-none-eabi/14.3.1/../../../../arm-none-eabi/lib/thumb/v7e-m+fp/hard\libc_nano.a(libc_a-lock.o)
                0x08000bf2                __retarget_lock_acquire_recursive
 .text.__retarget_lock_release_recursive
                0x08000bf4        0x2 D:/Arm_GNU_Toolchain/arm-none-eabi/bin/../lib/gcc/arm-none-eabi/14.3.1/../../../../arm-none-eabi/lib/thumb/v7e-m+fp/hard\libc_nano.a(libc_a-lock.o)
                0x08000bf4                __retarget_lock_release_recursive
 *fill*         0x08000bf6        0x2 
 .text._free_r  0x08000bf8       0x94 D:/Arm_GNU_Toolchain/arm-none-eabi/bin/../lib/gcc/arm-none-eabi/14.3.1/../../../../arm-none-eabi/lib/thumb/v7e-m+fp/hard\libc_nano.a(libc_a-freer.o)
                0x08000bf8                _free_r
 .text.sbrk_aligned
                0x08000c8c       0x44 D:/Arm_GNU_Toolchain/arm-none-eabi/bin/../lib/gcc/arm-none-eabi/14.3.1/../../../../arm-none-eabi/lib/thumb/v7e-m+fp/hard\libc_nano.a(libc_a-mallocr.o)
 .text._malloc_r
                0x08000cd0      0x100 D:/Arm_GNU_Toolchain/arm-none-eabi/bin/../lib/gcc/arm-none-eabi/14.3.1/../../../../arm-none-eabi/lib/thumb/v7e-m+fp/hard\libc_nano.a(libc_a-mallocr.o)
                0x08000cd0                _malloc_r
 .text.__malloc_lock
                0x08000dd0        0xc D:/Arm_GNU_Toolchain/arm-none-eabi/bin/../lib/gcc/arm-none-eabi/14.3.1/../../../../arm-none-eabi/lib/thumb/v7e-m+fp/hard\libc_nano.a(libc_a-mlock.o)
                0x08000dd0                __malloc_lock
 .text.__malloc_unlock
                0x08000ddc        0xc D:/Arm_GNU_Toolchain/arm-none-eabi/bin/../lib/gcc/arm-none-eabi/14.3.1/../../../../arm-none-eabi/lib/thumb/v7e-m+fp/hard\libc_nano.a(libc_a-mlock.o)
                0x08000ddc                __malloc_unlock
 .text.__sflush_r
                0x08000de8      0x104 D:/Arm_GNU_Toolchain/arm-none-eabi/bin/../lib/gcc/arm-none-eabi/14.3.1/../../../../arm-none-eabi/lib/thumb/v7e-m+fp/hard\libc_nano.a(libc_a-fflush.o)
                0x08000de8                __sflush_r
 .text._fflush_r
                0x08000eec       0x50 D:/Arm_GNU_Toolchain/arm-none-eabi/bin/../lib/gcc/arm-none-eabi/14.3.1/../../../../arm-none-eabi/lib/thumb/v7e-m+fp/hard\libc_nano.a(libc_a-fflush.o)
                0x08000eec                _fflush_r
 .text._sbrk_r  0x08000f3c       0x20 D:/Arm_GNU_Toolchain/arm-none-eabi/bin/../lib/gcc/arm-none-eabi/14.3.1/../../../../arm-none-eabi/lib/thumb/v7e-m+fp/hard\libc_nano.a(libc_a-sbrkr.o)
                0x08000f3c                _sbrk_r
 .text.SystemInit
                0x08000f5c       0x24 cmake/stm32cubemx/CMakeFiles/STM32_Drivers.dir/__/__/Core/Src/system_stm32f4xx.c.obj
                0x08000f5c                SystemInit
 .text.HAL_RCC_OscConfig
                0x08000f80      0x4f0 cmake/stm32cubemx/CMakeFiles/STM32_Drivers.dir/__/__/Drivers/STM32F4xx_HAL_Driver/Src/stm32f4xx_hal_rcc.c.obj
                0x08000f80                HAL_RCC_OscConfig
 .text.HAL_RCC_ClockConfig
                0x08001470      0x1cc cmake/stm32cubemx/CMakeFiles/STM32_Drivers.dir/__/__/Drivers/STM32F4xx_HAL_Driver/Src/stm32f4xx_hal_rcc.c.obj
                0x08001470                HAL_RCC_ClockConfig
 .text.HAL_RCC_GetSysClockFreq
                0x0800163c      0x20c cmake/stm32cubemx/CMakeFiles/STM32_Drivers.dir/__/__/Drivers/STM32F4xx_HAL_Driver/Src/stm32f4xx_hal_rcc.c.obj
                0x0800163c                HAL_RCC_GetSysClockFreq
 .text.HAL_RCC_GetHCLKFreq
                0x08001848       0x18 cmake/stm32cubemx/CMakeFiles/STM32_Drivers.dir/__/__/Drivers/STM32F4xx_HAL_Driver/Src/stm32f4xx_hal_rcc.c.obj
                0x08001848                HAL_RCC_GetHCLKFreq
 .text.HAL_RCC_GetPCLK1Freq
                0x08001860       0x28 cmake/stm32cubemx/CMakeFiles/STM32_Drivers.dir/__/__/Drivers/STM32F4xx_HAL_Driver/Src/stm32f4xx_hal_rcc.c.obj
                0x08001860                HAL_RCC_GetPCLK1Freq
 .text.HAL_RCC_GetPCLK2Freq
                0x08001888       0x28 cmake/stm32cubemx/CMakeFiles/STM32_Drivers.dir/__/__/Drivers/STM32F4xx_HAL_Driver/Src/stm32f4xx_hal_rcc.c.obj
                0x08001888                HAL_RCC_GetPCLK2Freq
 .text.HAL_GPIO_Init
                0x080018b0      0x338 cmake/stm32cubemx/CMakeFiles/STM32_Drivers.dir/__/__/Drivers/STM32F4xx_HAL_Driver/Src/stm32f4xx_hal_gpio.c.obj
                0x080018b0                HAL_GPIO_Init
 .text.HAL_GPIO_ReadPin
                0x08001be8       0x30 cmake/stm32cubemx/CMakeFiles/STM32_Drivers.dir/__/__/Drivers/STM32F4xx_HAL_Driver/Src/stm32f4xx_hal_gpio.c.obj
                0x08001be8                HAL_GPIO_ReadPin
 .text.HAL_GPIO_WritePin
                0x08001c18       0x32 cmake/stm32cubemx/CMakeFiles/STM32_Drivers.dir/__/__/Drivers/STM32F4xx_HAL_Driver/Src/stm32f4xx_hal_gpio.c.obj
                0x08001c18                HAL_GPIO_WritePin
 .text.HAL_GPIO_TogglePin
                0x08001c4a       0x34 cmake/stm32cubemx/CMakeFiles/STM32_Drivers.dir/__/__/Drivers/STM32F4xx_HAL_Driver/Src/stm32f4xx_hal_gpio.c.obj
                0x08001c4a                HAL_GPIO_TogglePin
 *fill*         0x08001c7e        0x2 
 .text.HAL_GPIO_EXTI_IRQHandler
                0x08001c80       0x30 cmake/stm32cubemx/CMakeFiles/STM32_Drivers.dir/__/__/Drivers/STM32F4xx_HAL_Driver/Src/stm32f4xx_hal_gpio.c.obj
                0x08001c80                HAL_GPIO_EXTI_IRQHandler
 .text.HAL_DMA_Abort
                0x08001cb0       0xe0 cmake/stm32cubemx/CMakeFiles/STM32_Drivers.dir/__/__/Drivers/STM32F4xx_HAL_Driver/Src/stm32f4xx_hal_dma.c.obj
                0x08001cb0                HAL_DMA_Abort
 .text.HAL_DMA_Abort_IT
                0x08001d90       0x44 cmake/stm32cubemx/CMakeFiles/STM32_Drivers.dir/__/__/Drivers/STM32F4xx_HAL_Driver/Src/stm32f4xx_hal_dma.c.obj
                0x08001d90                HAL_DMA_Abort_IT
 .text.__NVIC_SetPriorityGrouping
                0x08001dd4       0x48 cmake/stm32cubemx/CMakeFiles/STM32_Drivers.dir/__/__/Drivers/STM32F4xx_HAL_Driver/Src/stm32f4xx_hal_cortex.c.obj
 .text.__NVIC_GetPriorityGrouping
                0x08001e1c       0x1c cmake/stm32cubemx/CMakeFiles/STM32_Drivers.dir/__/__/Drivers/STM32F4xx_HAL_Driver/Src/stm32f4xx_hal_cortex.c.obj
 .text.__NVIC_EnableIRQ
                0x08001e38       0x3c cmake/stm32cubemx/CMakeFiles/STM32_Drivers.dir/__/__/Drivers/STM32F4xx_HAL_Driver/Src/stm32f4xx_hal_cortex.c.obj
 .text.__NVIC_SetPriority
                0x08001e74       0x54 cmake/stm32cubemx/CMakeFiles/STM32_Drivers.dir/__/__/Drivers/STM32F4xx_HAL_Driver/Src/stm32f4xx_hal_cortex.c.obj
 .text.NVIC_EncodePriority
                0x08001ec8       0x66 cmake/stm32cubemx/CMakeFiles/STM32_Drivers.dir/__/__/Drivers/STM32F4xx_HAL_Driver/Src/stm32f4xx_hal_cortex.c.obj
 *fill*         0x08001f2e        0x2 
 .text.SysTick_Config
                0x08001f30       0x44 cmake/stm32cubemx/CMakeFiles/STM32_Drivers.dir/__/__/Drivers/STM32F4xx_HAL_Driver/Src/stm32f4xx_hal_cortex.c.obj
 .text.HAL_NVIC_SetPriorityGrouping
                0x08001f74       0x16 cmake/stm32cubemx/CMakeFiles/STM32_Drivers.dir/__/__/Drivers/STM32F4xx_HAL_Driver/Src/stm32f4xx_hal_cortex.c.obj
                0x08001f74                HAL_NVIC_SetPriorityGrouping
 .text.HAL_NVIC_SetPriority
                0x08001f8a       0x38 cmake/stm32cubemx/CMakeFiles/STM32_Drivers.dir/__/__/Drivers/STM32F4xx_HAL_Driver/Src/stm32f4xx_hal_cortex.c.obj
                0x08001f8a                HAL_NVIC_SetPriority
 .text.HAL_NVIC_EnableIRQ
                0x08001fc2       0x1c cmake/stm32cubemx/CMakeFiles/STM32_Drivers.dir/__/__/Drivers/STM32F4xx_HAL_Driver/Src/stm32f4xx_hal_cortex.c.obj
                0x08001fc2                HAL_NVIC_EnableIRQ
 .text.HAL_SYSTICK_Config
                0x08001fde       0x18 cmake/stm32cubemx/CMakeFiles/STM32_Drivers.dir/__/__/Drivers/STM32F4xx_HAL_Driver/Src/stm32f4xx_hal_cortex.c.obj
                0x08001fde                HAL_SYSTICK_Config
 *fill*         0x08001ff6        0x2 
 .text.HAL_Init
                0x08001ff8       0x44 cmake/stm32cubemx/CMakeFiles/STM32_Drivers.dir/__/__/Drivers/STM32F4xx_HAL_Driver/Src/stm32f4xx_hal.c.obj
                0x08001ff8                HAL_Init
 .text.HAL_InitTick
                0x0800203c       0x60 cmake/stm32cubemx/CMakeFiles/STM32_Drivers.dir/__/__/Drivers/STM32F4xx_HAL_Driver/Src/stm32f4xx_hal.c.obj
                0x0800203c                HAL_InitTick
 .text.HAL_IncTick
                0x0800209c       0x28 cmake/stm32cubemx/CMakeFiles/STM32_Drivers.dir/__/__/Drivers/STM32F4xx_HAL_Driver/Src/stm32f4xx_hal.c.obj
                0x0800209c                HAL_IncTick
 .text.HAL_GetTick
                0x080020c4       0x18 cmake/stm32cubemx/CMakeFiles/STM32_Drivers.dir/__/__/Drivers/STM32F4xx_HAL_Driver/Src/stm32f4xx_hal.c.obj
                0x080020c4                HAL_GetTick
 .text.HAL_GetREVID
                0x080020dc       0x18 cmake/stm32cubemx/CMakeFiles/STM32_Drivers.dir/__/__/Drivers/STM32F4xx_HAL_Driver/Src/stm32f4xx_hal.c.obj
                0x080020dc                HAL_GetREVID
 .text.HAL_UART_Init
                0x080020f4       0xa0 cmake/stm32cubemx/CMakeFiles/STM32_Drivers.dir/__/__/Drivers/STM32F4xx_HAL_Driver/Src/stm32f4xx_hal_uart.c.obj
                0x080020f4                HAL_UART_Init
 .text.HAL_UART_Transmit
                0x08002194      0x116 cmake/stm32cubemx/CMakeFiles/STM32_Drivers.dir/__/__/Drivers/STM32F4xx_HAL_Driver/Src/stm32f4xx_hal_uart.c.obj
                0x08002194                HAL_UART_Transmit
 .text.HAL_UART_Receive_IT
                0x080022aa       0x4a cmake/stm32cubemx/CMakeFiles/STM32_Drivers.dir/__/__/Drivers/STM32F4xx_HAL_Driver/Src/stm32f4xx_hal_uart.c.obj
                0x080022aa                HAL_UART_Receive_IT
 .text.HAL_UART_IRQHandler
                0x080022f4      0x554 cmake/stm32cubemx/CMakeFiles/STM32_Drivers.dir/__/__/Drivers/STM32F4xx_HAL_Driver/Src/stm32f4xx_hal_uart.c.obj
                0x080022f4                HAL_UART_IRQHandler
 .text.HAL_UART_TxCpltCallback
                0x08002848       0x14 cmake/stm32cubemx/CMakeFiles/STM32_Drivers.dir/__/__/Drivers/STM32F4xx_HAL_Driver/Src/stm32f4xx_hal_uart.c.obj
                0x08002848                HAL_UART_TxCpltCallback
 .text.HAL_UART_ErrorCallback
                0x0800285c       0x14 cmake/stm32cubemx/CMakeFiles/STM32_Drivers.dir/__/__/Drivers/STM32F4xx_HAL_Driver/Src/stm32f4xx_hal_uart.c.obj
                0x0800285c                HAL_UART_ErrorCallback
 .text.HAL_UARTEx_RxEventCallback
                0x08002870       0x18 cmake/stm32cubemx/CMakeFiles/STM32_Drivers.dir/__/__/Drivers/STM32F4xx_HAL_Driver/Src/stm32f4xx_hal_uart.c.obj
                0x08002870                HAL_UARTEx_RxEventCallback
 .text.UART_WaitOnFlagUntilTimeout
                0x08002888       0xb2 cmake/stm32cubemx/CMakeFiles/STM32_Drivers.dir/__/__/Drivers/STM32F4xx_HAL_Driver/Src/stm32f4xx_hal_uart.c.obj
 .text.UART_Start_Receive_IT
                0x0800293a       0x74 cmake/stm32cubemx/CMakeFiles/STM32_Drivers.dir/__/__/Drivers/STM32F4xx_HAL_Driver/Src/stm32f4xx_hal_uart.c.obj
                0x0800293a                UART_Start_Receive_IT
 .text.UART_EndRxTransfer
                0x080029ae       0xc6 cmake/stm32cubemx/CMakeFiles/STM32_Drivers.dir/__/__/Drivers/STM32F4xx_HAL_Driver/Src/stm32f4xx_hal_uart.c.obj
 .text.UART_DMAAbortOnError
                0x08002a74       0x22 cmake/stm32cubemx/CMakeFiles/STM32_Drivers.dir/__/__/Drivers/STM32F4xx_HAL_Driver/Src/stm32f4xx_hal_uart.c.obj
 .text.UART_Transmit_IT
                0x08002a96       0xa0 cmake/stm32cubemx/CMakeFiles/STM32_Drivers.dir/__/__/Drivers/STM32F4xx_HAL_Driver/Src/stm32f4xx_hal_uart.c.obj
 .text.UART_EndTransmit_IT
                0x08002b36       0x30 cmake/stm32cubemx/CMakeFiles/STM32_Drivers.dir/__/__/Drivers/STM32F4xx_HAL_Driver/Src/stm32f4xx_hal_uart.c.obj
 .text.UART_Receive_IT
                0x08002b66      0x17c cmake/stm32cubemx/CMakeFiles/STM32_Drivers.dir/__/__/Drivers/STM32F4xx_HAL_Driver/Src/stm32f4xx_hal_uart.c.obj
 *fill*         0x08002ce2        0x2 
 .text.UART_SetConfig
                0x08002ce4      0x4e8 cmake/stm32cubemx/CMakeFiles/STM32_Drivers.dir/__/__/Drivers/STM32F4xx_HAL_Driver/Src/stm32f4xx_hal_uart.c.obj
 .text.HAL_WWDG_Refresh
                0x080031cc       0x20 cmake/stm32cubemx/CMakeFiles/STM32_Drivers.dir/__/__/Drivers/STM32F4xx_HAL_Driver/Src/stm32f4xx_hal_wwdg.c.obj
                0x080031cc                HAL_WWDG_Refresh
 .text.HAL_WWDG_IRQHandler
                0x080031ec       0x3e cmake/stm32cubemx/CMakeFiles/STM32_Drivers.dir/__/__/Drivers/STM32F4xx_HAL_Driver/Src/stm32f4xx_hal_wwdg.c.obj
                0x080031ec                HAL_WWDG_IRQHandler
 .text.HAL_TIM_IRQHandler
                0x0800322a      0x1e0 cmake/stm32cubemx/CMakeFiles/STM32_Drivers.dir/__/__/Drivers/STM32F4xx_HAL_Driver/Src/stm32f4xx_hal_tim.c.obj
                0x0800322a                HAL_TIM_IRQHandler
 .text.HAL_TIM_OC_DelayElapsedCallback
                0x0800340a       0x14 cmake/stm32cubemx/CMakeFiles/STM32_Drivers.dir/__/__/Drivers/STM32F4xx_HAL_Driver/Src/stm32f4xx_hal_tim.c.obj
                0x0800340a                HAL_TIM_OC_DelayElapsedCallback
 .text.HAL_TIM_IC_CaptureCallback
                0x0800341e       0x14 cmake/stm32cubemx/CMakeFiles/STM32_Drivers.dir/__/__/Drivers/STM32F4xx_HAL_Driver/Src/stm32f4xx_hal_tim.c.obj
                0x0800341e                HAL_TIM_IC_CaptureCallback
 .text.HAL_TIM_PWM_PulseFinishedCallback
                0x08003432       0x14 cmake/stm32cubemx/CMakeFiles/STM32_Drivers.dir/__/__/Drivers/STM32F4xx_HAL_Driver/Src/stm32f4xx_hal_tim.c.obj
                0x08003432                HAL_TIM_PWM_PulseFinishedCallback
 .text.HAL_TIM_TriggerCallback
                0x08003446       0x14 cmake/stm32cubemx/CMakeFiles/STM32_Drivers.dir/__/__/Drivers/STM32F4xx_HAL_Driver/Src/stm32f4xx_hal_tim.c.obj
                0x08003446                HAL_TIM_TriggerCallback
 .text.HAL_TIMEx_CommutCallback
                0x0800345a       0x14 cmake/stm32cubemx/CMakeFiles/STM32_Drivers.dir/__/__/Drivers/STM32F4xx_HAL_Driver/Src/stm32f4xx_hal_tim_ex.c.obj
                0x0800345a                HAL_TIMEx_CommutCallback
 .text.HAL_TIMEx_BreakCallback
                0x0800346e       0x14 cmake/stm32cubemx/CMakeFiles/STM32_Drivers.dir/__/__/Drivers/STM32F4xx_HAL_Driver/Src/stm32f4xx_hal_tim_ex.c.obj
                0x0800346e                HAL_TIMEx_BreakCallback
 .text.HAL_SRAM_Init
                0x08003482       0x90 cmake/stm32cubemx/CMakeFiles/STM32_Drivers.dir/__/__/Drivers/STM32F4xx_HAL_Driver/Src/stm32f4xx_hal_sram.c.obj
                0x08003482                HAL_SRAM_Init
 *fill*         0x08003512        0x2 
 .text.FSMC_NORSRAM_Init
                0x08003514       0xd4 cmake/stm32cubemx/CMakeFiles/STM32_Drivers.dir/__/__/Drivers/STM32F4xx_HAL_Driver/Src/stm32f4xx_ll_fsmc.c.obj
                0x08003514                FSMC_NORSRAM_Init
 .text.FSMC_NORSRAM_Timing_Init
                0x080035e8       0x5c cmake/stm32cubemx/CMakeFiles/STM32_Drivers.dir/__/__/Drivers/STM32F4xx_HAL_Driver/Src/stm32f4xx_ll_fsmc.c.obj
                0x080035e8                FSMC_NORSRAM_Timing_Init
 .text.FSMC_NORSRAM_Extended_Timing_Init
                0x08003644       0x70 cmake/stm32cubemx/CMakeFiles/STM32_Drivers.dir/__/__/Drivers/STM32F4xx_HAL_Driver/Src/stm32f4xx_ll_fsmc.c.obj
                0x08003644                FSMC_NORSRAM_Extended_Timing_Init
 .text.__io_putchar
                0x080036b4       0x24 CMakeFiles/App.dir/Core/Src/main.c.obj
                0x080036b4                __io_putchar
 .text.main     0x080036d8      0x1b0 CMakeFiles/App.dir/Core/Src/main.c.obj
                0x080036d8                main
 .text.SystemClock_Config
                0x08003888       0xd4 CMakeFiles/App.dir/Core/Src/main.c.obj
                0x08003888                SystemClock_Config
 .text.MX_GPIO_Init
                0x0800395c       0x6c CMakeFiles/App.dir/Core/Src/main.c.obj
 .text.Error_Handler
                0x080039c8        0xc CMakeFiles/App.dir/Core/Src/main.c.obj
                0x080039c8                Error_Handler
 .text.NMI_Handler
                0x080039d4        0x8 CMakeFiles/App.dir/Core/Src/stm32f4xx_it.c.obj
                0x080039d4                NMI_Handler
 .text.HardFault_Handler
                0x080039dc        0x8 CMakeFiles/App.dir/Core/Src/stm32f4xx_it.c.obj
                0x080039dc                HardFault_Handler
 .text.MemManage_Handler
                0x080039e4        0x8 CMakeFiles/App.dir/Core/Src/stm32f4xx_it.c.obj
                0x080039e4                MemManage_Handler
 .text.BusFault_Handler
                0x080039ec        0x8 CMakeFiles/App.dir/Core/Src/stm32f4xx_it.c.obj
                0x080039ec                BusFault_Handler
 .text.UsageFault_Handler
                0x080039f4        0x8 CMakeFiles/App.dir/Core/Src/stm32f4xx_it.c.obj
                0x080039f4                UsageFault_Handler
 .text.SVC_Handler
                0x080039fc        0xe CMakeFiles/App.dir/Core/Src/stm32f4xx_it.c.obj
                0x080039fc                SVC_Handler
 .text.DebugMon_Handler
                0x08003a0a        0xe CMakeFiles/App.dir/Core/Src/stm32f4xx_it.c.obj
                0x08003a0a                DebugMon_Handler
 .text.PendSV_Handler
                0x08003a18        0xe CMakeFiles/App.dir/Core/Src/stm32f4xx_it.c.obj
                0x08003a18                PendSV_Handler
 .text.SysTick_Handler
                0x08003a26        0xc CMakeFiles/App.dir/Core/Src/stm32f4xx_it.c.obj
                0x08003a26                SysTick_Handler
 *fill*         0x08003a32        0x2 
 .text.HAL_MspInit
                0x08003a34       0x50 CMakeFiles/App.dir/Core/Src/stm32f4xx_hal_msp.c.obj
                0x08003a34                HAL_MspInit
 .text._sbrk    0x08003a84       0x6c CMakeFiles/App.dir/Core/Src/sysmem.c.obj
                0x08003a84                _sbrk
 .text._read    0x08003af0       0x3a CMakeFiles/App.dir/Core/Src/syscalls.c.obj
                0x08003af0                _read
 .text._write   0x08003b2a       0x38 CMakeFiles/App.dir/Core/Src/syscalls.c.obj
                0x08003b2a                _write
 .text._close   0x08003b62       0x18 CMakeFiles/App.dir/Core/Src/syscalls.c.obj
                0x08003b62                _close
 .text._fstat   0x08003b7a       0x20 CMakeFiles/App.dir/Core/Src/syscalls.c.obj
                0x08003b7a                _fstat
 .text._isatty  0x08003b9a       0x16 CMakeFiles/App.dir/Core/Src/syscalls.c.obj
                0x08003b9a                _isatty
 .text._lseek   0x08003bb0       0x1a CMakeFiles/App.dir/Core/Src/syscalls.c.obj
                0x08003bb0                _lseek
 *fill*         0x08003bca        0x2 
 .text.Reset_Handler
                0x08003bcc       0x50 CMakeFiles/App.dir/startup_stm32f407xx.s.obj
                0x08003bcc                Reset_Handler
 .text.Default_Handler
                0x08003c1c        0x2 CMakeFiles/App.dir/startup_stm32f407xx.s.obj
                0x08003c1c                RTC_Alarm_IRQHandler
                0x08003c1c                HASH_RNG_IRQHandler
                0x08003c1c                TIM8_CC_IRQHandler
                0x08003c1c                TIM1_CC_IRQHandler
                0x08003c1c                DMA2_Stream5_IRQHandler
                0x08003c1c                DMA1_Stream5_IRQHandler
                0x08003c1c                PVD_IRQHandler
                0x08003c1c                SDIO_IRQHandler
                0x08003c1c                TAMP_STAMP_IRQHandler
                0x08003c1c                CAN2_RX1_IRQHandler
                0x08003c1c                TIM8_TRG_COM_TIM14_IRQHandler
                0x08003c1c                TIM1_UP_TIM10_IRQHandler
                0x08003c1c                TIM8_UP_TIM13_IRQHandler
                0x08003c1c                I2C3_ER_IRQHandler
                0x08003c1c                I2C2_EV_IRQHandler
                0x08003c1c                DMA1_Stream2_IRQHandler
                0x08003c1c                CAN1_RX0_IRQHandler
                0x08003c1c                FPU_IRQHandler
                0x08003c1c                OTG_HS_WKUP_IRQHandler
                0x08003c1c                CAN2_SCE_IRQHandler
                0x08003c1c                DMA2_Stream2_IRQHandler
                0x08003c1c                SPI1_IRQHandler
                0x08003c1c                TIM1_BRK_TIM9_IRQHandler
                0x08003c1c                DCMI_IRQHandler
                0x08003c1c                CAN2_RX0_IRQHandler
                0x08003c1c                DMA2_Stream3_IRQHandler
                0x08003c1c                USART6_IRQHandler
                0x08003c1c                USART3_IRQHandler
                0x08003c1c                CAN1_RX1_IRQHandler
                0x08003c1c                UART5_IRQHandler
                0x08003c1c                DMA2_Stream0_IRQHandler
                0x08003c1c                TIM4_IRQHandler
                0x08003c1c                I2C1_EV_IRQHandler
                0x08003c1c                DMA1_Stream6_IRQHandler
                0x08003c1c                DMA1_Stream1_IRQHandler
                0x08003c1c                UART4_IRQHandler
                0x08003c1c                TIM3_IRQHandler
                0x08003c1c                RCC_IRQHandler
                0x08003c1c                TIM8_BRK_TIM12_IRQHandler
                0x08003c1c                Default_Handler
                0x08003c1c                EXTI15_10_IRQHandler
                0x08003c1c                ADC_IRQHandler
                0x08003c1c                DMA1_Stream7_IRQHandler
                0x08003c1c                TIM7_IRQHandler
                0x08003c1c                CAN2_TX_IRQHandler
                0x08003c1c                TIM5_IRQHandler
                0x08003c1c                DMA2_Stream7_IRQHandler
                0x08003c1c                I2C3_EV_IRQHandler
                0x08003c1c                EXTI9_5_IRQHandler
                0x08003c1c                RTC_WKUP_IRQHandler
                0x08003c1c                ETH_WKUP_IRQHandler
                0x08003c1c                SPI2_IRQHandler
                0x08003c1c                OTG_HS_EP1_IN_IRQHandler
                0x08003c1c                DMA1_Stream0_IRQHandler
                0x08003c1c                CAN1_TX_IRQHandler
                0x08003c1c                FSMC_IRQHandler
                0x08003c1c                ETH_IRQHandler
                0x08003c1c                OTG_HS_EP1_OUT_IRQHandler
                0x08003c1c                TIM2_IRQHandler
                0x08003c1c                OTG_FS_WKUP_IRQHandler
                0x08003c1c                TIM1_TRG_COM_TIM11_IRQHandler
                0x08003c1c                OTG_HS_IRQHandler
                0x08003c1c                EXTI1_IRQHandler
                0x08003c1c                USART2_IRQHandler
                0x08003c1c                I2C2_ER_IRQHandler
                0x08003c1c                DMA2_Stream1_IRQHandler
                0x08003c1c                CAN1_SCE_IRQHandler
                0x08003c1c                FLASH_IRQHandler
                0x08003c1c                DMA2_Stream4_IRQHandler
                0x08003c1c                OTG_FS_IRQHandler
                0x08003c1c                SPI3_IRQHandler
                0x08003c1c                DMA1_Stream4_IRQHandler
                0x08003c1c                I2C1_ER_IRQHandler
                0x08003c1c                DMA2_Stream6_IRQHandler
                0x08003c1c                DMA1_Stream3_IRQHandler
 *fill*         0x08003c1e        0x2 
 .text.sys_stm32_clock_init
                0x08003c20      0x110 CMakeFiles/App.dir/Drivers/SYSTEM/sys/sys.c.obj
                0x08003c20                sys_stm32_clock_init
 .text.usart_init
                0x08003d30       0x58 CMakeFiles/App.dir/Drivers/SYSTEM/usart/usart.c.obj
                0x08003d30                usart_init
 .text.HAL_UART_MspInit
                0x08003d88       0xc4 CMakeFiles/App.dir/Drivers/SYSTEM/usart/usart.c.obj
                0x08003d88                HAL_UART_MspInit
 .text.HAL_UART_RxCpltCallback
                0x08003e4c       0xb4 CMakeFiles/App.dir/Drivers/SYSTEM/usart/usart.c.obj
                0x08003e4c                HAL_UART_RxCpltCallback
 .text.USART1_IRQHandler
                0x08003f00       0x14 CMakeFiles/App.dir/Drivers/SYSTEM/usart/usart.c.obj
                0x08003f00                USART1_IRQHandler
 .text.delay_init
                0x08003f14       0x20 CMakeFiles/App.dir/Drivers/SYSTEM/delay/delay.c.obj
                0x08003f14                delay_init
 .text.delay_us
                0x08003f34       0x7c CMakeFiles/App.dir/Drivers/SYSTEM/delay/delay.c.obj
                0x08003f34                delay_us
 .text.delay_ms
                0x08003fb0       0x22 CMakeFiles/App.dir/Drivers/SYSTEM/delay/delay.c.obj
                0x08003fb0                delay_ms
 *fill*         0x08003fd2        0x2 
 .text.led_init
                0x08003fd4       0x98 CMakeFiles/App.dir/Drivers/BSP/LED/led.c.obj
                0x08003fd4                led_init
 .text.EXTI4_IRQHandler
                0x0800406c       0x18 CMakeFiles/App.dir/Drivers/BSP/EXTI/exti.c.obj
                0x0800406c                EXTI4_IRQHandler
 .text.EXTI3_IRQHandler
                0x08004084       0x18 CMakeFiles/App.dir/Drivers/BSP/EXTI/exti.c.obj
                0x08004084                EXTI3_IRQHandler
 .text.EXTI2_IRQHandler
                0x0800409c       0x18 CMakeFiles/App.dir/Drivers/BSP/EXTI/exti.c.obj
                0x0800409c                EXTI2_IRQHandler
 .text.EXTI0_IRQHandler
                0x080040b4       0x18 CMakeFiles/App.dir/Drivers/BSP/EXTI/exti.c.obj
                0x080040b4                EXTI0_IRQHandler
 .text.HAL_GPIO_EXTI_Callback
                0x080040cc       0xf8 CMakeFiles/App.dir/Drivers/BSP/EXTI/exti.c.obj
                0x080040cc                HAL_GPIO_EXTI_Callback
 .text.WWDG_IRQHandler
                0x080041c4       0x14 CMakeFiles/App.dir/Drivers/BSP/WDG/wdg.c.obj
                0x080041c4                WWDG_IRQHandler
 .text.HAL_WWDG_EarlyWakeupCallback
                0x080041d8       0x28 CMakeFiles/App.dir/Drivers/BSP/WDG/wdg.c.obj
                0x080041d8                HAL_WWDG_EarlyWakeupCallback
 .text.TIM6_DAC_IRQHandler
                0x08004200       0x14 CMakeFiles/App.dir/Drivers/BSP/TIMER/btim.c.obj
                0x08004200                TIM6_DAC_IRQHandler
 .text.HAL_TIM_PeriodElapsedCallback
                0x08004214       0x2c CMakeFiles/App.dir/Drivers/BSP/TIMER/btim.c.obj
                0x08004214                HAL_TIM_PeriodElapsedCallback
 .text.lcd_ex_st7789_reginit
                0x08004240      0x1ac CMakeFiles/App.dir/Drivers/BSP/LCD/lcd.c.obj
                0x08004240                lcd_ex_st7789_reginit
 .text.lcd_ex_ili9341_reginit
                0x080043ec      0x230 CMakeFiles/App.dir/Drivers/BSP/LCD/lcd.c.obj
                0x080043ec                lcd_ex_ili9341_reginit
 .text.lcd_ex_nt35310_reginit
                0x0800461c      0xef6 CMakeFiles/App.dir/Drivers/BSP/LCD/lcd.c.obj
                0x0800461c                lcd_ex_nt35310_reginit
 .text.lcd_ex_st7796_reginit
                0x08005512      0x1ca CMakeFiles/App.dir/Drivers/BSP/LCD/lcd.c.obj
                0x08005512                lcd_ex_st7796_reginit
 .text.lcd_ex_nt35510_reginit
                0x080056dc      0xf72 CMakeFiles/App.dir/Drivers/BSP/LCD/lcd.c.obj
                0x080056dc                lcd_ex_nt35510_reginit
 .text.lcd_ex_ili9806_reginit
                0x0800664e      0x344 CMakeFiles/App.dir/Drivers/BSP/LCD/lcd.c.obj
                0x0800664e                lcd_ex_ili9806_reginit
 .text.lcd_ex_ssd1963_reginit
                0x08006992      0x172 CMakeFiles/App.dir/Drivers/BSP/LCD/lcd.c.obj
                0x08006992                lcd_ex_ssd1963_reginit
 .text.lcd_wr_data
                0x08006b04       0x28 CMakeFiles/App.dir/Drivers/BSP/LCD/lcd.c.obj
                0x08006b04                lcd_wr_data
 .text.lcd_wr_regno
                0x08006b2c       0x28 CMakeFiles/App.dir/Drivers/BSP/LCD/lcd.c.obj
                0x08006b2c                lcd_wr_regno
 .text.lcd_write_reg
                0x08006b54       0x2c CMakeFiles/App.dir/Drivers/BSP/LCD/lcd.c.obj
                0x08006b54                lcd_write_reg
 .text.lcd_opt_delay
                0x08006b80       0x22 CMakeFiles/App.dir/Drivers/BSP/LCD/lcd.c.obj
 *fill*         0x08006ba2        0x2 
 .text.lcd_rd_data
                0x08006ba4       0x24 CMakeFiles/App.dir/Drivers/BSP/LCD/lcd.c.obj
 .text.lcd_write_ram_prepare
                0x08006bc8       0x20 CMakeFiles/App.dir/Drivers/BSP/LCD/lcd.c.obj
                0x08006bc8                lcd_write_ram_prepare
 .text.lcd_set_cursor
                0x08006be8      0x1ac CMakeFiles/App.dir/Drivers/BSP/LCD/lcd.c.obj
                0x08006be8                lcd_set_cursor
 .text.lcd_scan_dir
                0x08006d94      0x304 CMakeFiles/App.dir/Drivers/BSP/LCD/lcd.c.obj
                0x08006d94                lcd_scan_dir
 .text.lcd_draw_point
                0x08007098       0x34 CMakeFiles/App.dir/Drivers/BSP/LCD/lcd.c.obj
                0x08007098                lcd_draw_point
 *fill*         0x080070cc        0x4 
 .text.lcd_ssd_backlight_set
                0x080070d0       0x68 CMakeFiles/App.dir/Drivers/BSP/LCD/lcd.c.obj
                0x080070d0                lcd_ssd_backlight_set
 .text.lcd_display_dir
                0x08007138      0x1b0 CMakeFiles/App.dir/Drivers/BSP/LCD/lcd.c.obj
                0x08007138                lcd_display_dir
 .text.HAL_SRAM_MspInit
                0x080072e8       0xa4 CMakeFiles/App.dir/Drivers/BSP/LCD/lcd.c.obj
                0x080072e8                HAL_SRAM_MspInit
 .text.lcd_init
                0x0800738c      0x5bc CMakeFiles/App.dir/Drivers/BSP/LCD/lcd.c.obj
                0x0800738c                lcd_init
 .text.lcd_clear
                0x08007948       0x5c CMakeFiles/App.dir/Drivers/BSP/LCD/lcd.c.obj
                0x08007948                lcd_clear
 .text.lcd_show_char
                0x080079a4      0x1bc CMakeFiles/App.dir/Drivers/BSP/LCD/lcd.c.obj
                0x080079a4                lcd_show_char
 .text.lcd_show_string
                0x08007b60       0xa0 CMakeFiles/App.dir/Drivers/BSP/LCD/lcd.c.obj
                0x08007b60                lcd_show_string
 .text.__udivmoddi4
                0x08007c00      0x2f8 D:/Arm_GNU_Toolchain/arm-none-eabi/bin/../lib/gcc/arm-none-eabi/14.3.1/thumb/v7e-m+fp/hard\libgcc.a(_udivmoddi4.o)
                0x08007c00                __udivmoddi4
 .text.printf   0x08007ef8       0x24 D:/Arm_GNU_Toolchain/arm-none-eabi/bin/../lib/gcc/arm-none-eabi/14.3.1/../../../../arm-none-eabi/lib/thumb/v7e-m+fp/hard\libg_nano.a(libc_a-printf.o)
                0x08007ef8                iprintf
                0x08007ef8                printf
 .text.sprintf  0x08007f1c       0x44 D:/Arm_GNU_Toolchain/arm-none-eabi/bin/../lib/gcc/arm-none-eabi/14.3.1/../../../../arm-none-eabi/lib/thumb/v7e-m+fp/hard\libg_nano.a(libc_a-sprintf.o)
                0x08007f1c                siprintf
                0x08007f1c                sprintf
 .text.__errno  0x08007f60        0xc D:/Arm_GNU_Toolchain/arm-none-eabi/bin/../lib/gcc/arm-none-eabi/14.3.1/../../../../arm-none-eabi/lib/thumb/v7e-m+fp/hard\libg_nano.a(libc_a-errno.o)
                0x08007f60                __errno
 .text.__ssputs_r
                0x08007f6c       0xc0 D:/Arm_GNU_Toolchain/arm-none-eabi/bin/../lib/gcc/arm-none-eabi/14.3.1/../../../../arm-none-eabi/lib/thumb/v7e-m+fp/hard\libg_nano.a(libc_a-nano-svfprintf.o)
                0x08007f6c                __ssputs_r
 .text._svfprintf_r
                0x0800802c      0x1f0 D:/Arm_GNU_Toolchain/arm-none-eabi/bin/../lib/gcc/arm-none-eabi/14.3.1/../../../../arm-none-eabi/lib/thumb/v7e-m+fp/hard\libg_nano.a(libc_a-nano-svfprintf.o)
                0x0800802c                _svfiprintf_r
                0x0800802c                _svfprintf_r
 .text.__sfputc_r
                0x0800821c       0x2e D:/Arm_GNU_Toolchain/arm-none-eabi/bin/../lib/gcc/arm-none-eabi/14.3.1/../../../../arm-none-eabi/lib/thumb/v7e-m+fp/hard\libg_nano.a(libc_a-nano-vfprintf.o)
 .text.__sfputs_r
                0x0800824a       0x24 D:/Arm_GNU_Toolchain/arm-none-eabi/bin/../lib/gcc/arm-none-eabi/14.3.1/../../../../arm-none-eabi/lib/thumb/v7e-m+fp/hard\libg_nano.a(libc_a-nano-vfprintf.o)
                0x0800824a                __sfputs_r
 *fill*         0x0800826e        0x2 
 .text._vfprintf_r
                0x08008270      0x228 D:/Arm_GNU_Toolchain/arm-none-eabi/bin/../lib/gcc/arm-none-eabi/14.3.1/../../../../arm-none-eabi/lib/thumb/v7e-m+fp/hard\libg_nano.a(libc_a-nano-vfprintf.o)
                0x08008270                _vfprintf_r
                0x08008270                _vfiprintf_r
 .text._printf_common
                0x08008498       0xda D:/Arm_GNU_Toolchain/arm-none-eabi/bin/../lib/gcc/arm-none-eabi/14.3.1/../../../../arm-none-eabi/lib/thumb/v7e-m+fp/hard\libg_nano.a(libc_a-nano-vfprintf_i.o)
                0x08008498                _printf_common
 *fill*         0x08008572        0x2 
 .text._printf_i
                0x08008574      0x24c D:/Arm_GNU_Toolchain/arm-none-eabi/bin/../lib/gcc/arm-none-eabi/14.3.1/../../../../arm-none-eabi/lib/thumb/v7e-m+fp/hard\libg_nano.a(libc_a-nano-vfprintf_i.o)
                0x08008574                _printf_i
 .text.__swbuf_r
                0x080087c0       0x7c D:/Arm_GNU_Toolchain/arm-none-eabi/bin/../lib/gcc/arm-none-eabi/14.3.1/../../../../arm-none-eabi/lib/thumb/v7e-m+fp/hard\libg_nano.a(libc_a-wbuf.o)
                0x080087c0                __swbuf_r
 .text.__swsetup_r
                0x0800883c       0xa8 D:/Arm_GNU_Toolchain/arm-none-eabi/bin/../lib/gcc/arm-none-eabi/14.3.1/../../../../arm-none-eabi/lib/thumb/v7e-m+fp/hard\libg_nano.a(libc_a-wsetup.o)
                0x0800883c                __swsetup_r
 .text.memmove  0x080088e4       0x32 D:/Arm_GNU_Toolchain/arm-none-eabi/bin/../lib/gcc/arm-none-eabi/14.3.1/../../../../arm-none-eabi/lib/thumb/v7e-m+fp/hard\libg_nano.a(libc_a-memmove.o)
                0x080088e4                memmove
 .text.memcpy   0x08008916       0x1c D:/Arm_GNU_Toolchain/arm-none-eabi/bin/../lib/gcc/arm-none-eabi/14.3.1/../../../../arm-none-eabi/lib/thumb/v7e-m+fp/hard\libg_nano.a(libc_a-memcpy-stub.o)
                0x08008916                memcpy
 .text._realloc_r
                0x08008932       0x5c D:/Arm_GNU_Toolchain/arm-none-eabi/bin/../lib/gcc/arm-none-eabi/14.3.1/../../../../arm-none-eabi/lib/thumb/v7e-m+fp/hard\libg_nano.a(libc_a-reallocr.o)
                0x08008932                _realloc_r
 .text.__swhatbuf_r
                0x0800898e       0x48 D:/Arm_GNU_Toolchain/arm-none-eabi/bin/../lib/gcc/arm-none-eabi/14.3.1/../../../../arm-none-eabi/lib/thumb/v7e-m+fp/hard\libg_nano.a(libc_a-makebuf.o)
                0x0800898e                __swhatbuf_r
 .text.__smakebuf_r
                0x080089d6       0x72 D:/Arm_GNU_Toolchain/arm-none-eabi/bin/../lib/gcc/arm-none-eabi/14.3.1/../../../../arm-none-eabi/lib/thumb/v7e-m+fp/hard\libg_nano.a(libc_a-makebuf.o)
                0x080089d6                __smakebuf_r
 .text._fstat_r
                0x08008a48       0x24 D:/Arm_GNU_Toolchain/arm-none-eabi/bin/../lib/gcc/arm-none-eabi/14.3.1/../../../../arm-none-eabi/lib/thumb/v7e-m+fp/hard\libg_nano.a(libc_a-fstatr.o)
                0x08008a48                _fstat_r
 .text._isatty_r
                0x08008a6c       0x20 D:/Arm_GNU_Toolchain/arm-none-eabi/bin/../lib/gcc/arm-none-eabi/14.3.1/../../../../arm-none-eabi/lib/thumb/v7e-m+fp/hard\libg_nano.a(libc_a-isattyr.o)
                0x08008a6c                _isatty_r
 .text._malloc_usable_size_r
                0x08008a8c       0x10 D:/Arm_GNU_Toolchain/arm-none-eabi/bin/../lib/gcc/arm-none-eabi/14.3.1/../../../../arm-none-eabi/lib/thumb/v7e-m+fp/hard\libg_nano.a(libc_a-msizer.o)
                0x08008a8c                _malloc_usable_size_r
 *(.glue_7)
 .glue_7        0x08008a9c        0x0 linker stubs
 *(.glue_7t)
 .glue_7t       0x08008a9c        0x0 linker stubs
 *(.eh_frame)
 .eh_frame      0x08008a9c        0x0 D:/Arm_GNU_Toolchain/arm-none-eabi/bin/../lib/gcc/arm-none-eabi/14.3.1/thumb/v7e-m+fp/hard/crtbegin.o
 *(.init)
 .init          0x08008a9c        0x4 D:/Arm_GNU_Toolchain/arm-none-eabi/bin/../lib/gcc/arm-none-eabi/14.3.1/thumb/v7e-m+fp/hard/crti.o
                0x08008a9c                _init
 .init          0x08008aa0        0x8 D:/Arm_GNU_Toolchain/arm-none-eabi/bin/../lib/gcc/arm-none-eabi/14.3.1/thumb/v7e-m+fp/hard/crtn.o
 *(.fini)
 .fini          0x08008aa8        0x4 D:/Arm_GNU_Toolchain/arm-none-eabi/bin/../lib/gcc/arm-none-eabi/14.3.1/thumb/v7e-m+fp/hard/crti.o
                0x08008aa8                _fini
 .fini          0x08008aac        0x8 D:/Arm_GNU_Toolchain/arm-none-eabi/bin/../lib/gcc/arm-none-eabi/14.3.1/thumb/v7e-m+fp/hard/crtn.o
                0x08008ab4                        . = ALIGN (0x4)
                0x08008ab4                        _etext = .

.vfp11_veneer   0x08008ab4        0x0
 .vfp11_veneer  0x08008ab4        0x0 linker stubs

.v4_bx          0x08008ab4        0x0
 .v4_bx         0x08008ab4        0x0 linker stubs

.iplt           0x08008ab4        0x0
 .iplt          0x08008ab4        0x0 D:/Arm_GNU_Toolchain/arm-none-eabi/bin/../lib/gcc/arm-none-eabi/14.3.1/thumb/v7e-m+fp/hard/crtbegin.o

.rodata         0x08008ab4     0x3008
                0x08008ab4                        . = ALIGN (0x4)
 *(.rodata)
 .rodata        0x08008ab4       0x2e CMakeFiles/App.dir/Core/Src/main.c.obj
 *fill*         0x08008ae2        0x2 
 .rodata        0x08008ae4        0xc CMakeFiles/App.dir/Drivers/BSP/LCD/lcd.c.obj
 *(.rodata*)
 .rodata.AHBPrescTable
                0x08008af0       0x10 cmake/stm32cubemx/CMakeFiles/STM32_Drivers.dir/__/__/Core/Src/system_stm32f4xx.c.obj
                0x08008af0                AHBPrescTable
 .rodata.APBPrescTable
                0x08008b00        0x8 cmake/stm32cubemx/CMakeFiles/STM32_Drivers.dir/__/__/Core/Src/system_stm32f4xx.c.obj
                0x08008b00                APBPrescTable
 .rodata.asc2_1206
                0x08008b08      0x474 CMakeFiles/App.dir/Drivers/BSP/LCD/lcd.c.obj
                0x08008b08                asc2_1206
 .rodata.asc2_1608
                0x08008f7c      0x5f0 CMakeFiles/App.dir/Drivers/BSP/LCD/lcd.c.obj
                0x08008f7c                asc2_1608
 .rodata.asc2_2412
                0x0800956c      0xd5c CMakeFiles/App.dir/Drivers/BSP/LCD/lcd.c.obj
                0x0800956c                asc2_2412
 .rodata.asc2_3216
                0x0800a2c8     0x17c0 CMakeFiles/App.dir/Drivers/BSP/LCD/lcd.c.obj
                0x0800a2c8                asc2_3216
 .rodata._svfprintf_r.str1.1
                0x0800ba88       0x33 D:/Arm_GNU_Toolchain/arm-none-eabi/bin/../lib/gcc/arm-none-eabi/14.3.1/../../../../arm-none-eabi/lib/thumb/v7e-m+fp/hard\libg_nano.a(libc_a-nano-svfprintf.o)
                                 0x11 (size before relaxing)
 .rodata._vfprintf_r.str1.1
                0x0800babb       0x11 D:/Arm_GNU_Toolchain/arm-none-eabi/bin/../lib/gcc/arm-none-eabi/14.3.1/../../../../arm-none-eabi/lib/thumb/v7e-m+fp/hard\libg_nano.a(libc_a-nano-vfprintf.o)
 .rodata._printf_i.str1.1
                0x0800babb       0x22 D:/Arm_GNU_Toolchain/arm-none-eabi/bin/../lib/gcc/arm-none-eabi/14.3.1/../../../../arm-none-eabi/lib/thumb/v7e-m+fp/hard\libg_nano.a(libc_a-nano-vfprintf_i.o)
                0x0800bae0                        . = ALIGN (0x4)
 *fill*         0x0800babb        0x1 

.ARM.extab      0x0800babc        0x0
                0x0800babc                        . = ALIGN (0x4)
 *(.ARM.extab* .gnu.linkonce.armextab.*)
                0x0800babc                        . = ALIGN (0x4)

.ARM            0x0800babc        0x8
                0x0800babc                        . = ALIGN (0x4)
                0x0800babc                        __exidx_start = .
 *(.ARM.exidx*)
 .ARM.exidx     0x0800babc        0x8 D:/Arm_GNU_Toolchain/arm-none-eabi/bin/../lib/gcc/arm-none-eabi/14.3.1/../../../../arm-none-eabi/lib/thumb/v7e-m+fp/hard\libg_nano.a(libc_a-memchr.o)
 .ARM.exidx.text.__udivmoddi4
                0x0800bac4        0x0 D:/Arm_GNU_Toolchain/arm-none-eabi/bin/../lib/gcc/arm-none-eabi/14.3.1/thumb/v7e-m+fp/hard\libgcc.a(_udivmoddi4.o)
                                  0x8 (size before relaxing)
                0x0800bac4                        __exidx_end = .
                0x0800bac4                        . = ALIGN (0x4)

.preinit_array  0x0800bac4        0x0
                0x0800bac4                        . = ALIGN (0x4)
                0x0800bac4                        PROVIDE (__preinit_array_start = .)
 *(.preinit_array*)
                0x0800bac4                        PROVIDE (__preinit_array_end = .)
                0x0800bac4                        . = ALIGN (0x4)

.init_array     0x0800bac4        0x4
                0x0800bac4                        . = ALIGN (0x4)
                0x0800bac4                        PROVIDE (__init_array_start = .)
 *(SORT_BY_NAME(.init_array.*))
 *(.init_array*)
 .init_array    0x0800bac4        0x4 D:/Arm_GNU_Toolchain/arm-none-eabi/bin/../lib/gcc/arm-none-eabi/14.3.1/thumb/v7e-m+fp/hard/crtbegin.o
                0x0800bac8                        PROVIDE (__init_array_end = .)
                0x0800bac8                        . = ALIGN (0x4)

.fini_array     0x0800bac8        0x4
                0x0800bac8                        . = ALIGN (0x4)
                [!provide]                        PROVIDE (__fini_array_start = .)
 *(SORT_BY_NAME(.fini_array.*))
 *(.fini_array*)
 .fini_array    0x0800bac8        0x4 D:/Arm_GNU_Toolchain/arm-none-eabi/bin/../lib/gcc/arm-none-eabi/14.3.1/thumb/v7e-m+fp/hard/crtbegin.o
                [!provide]                        PROVIDE (__fini_array_end = .)
                0x0800bacc                        . = ALIGN (0x4)
                0x0800bacc                        _sidata = LOADADDR (.data)

.rel.dyn        0x0800bacc        0x0
 .rel.iplt      0x0800bacc        0x0 D:/Arm_GNU_Toolchain/arm-none-eabi/bin/../lib/gcc/arm-none-eabi/14.3.1/thumb/v7e-m+fp/hard/crtbegin.o

.data           0x20000000       0x70 load address 0x0800bacc
                0x20000000                        . = ALIGN (0x4)
                0x20000000                        _sdata = .
 *(.data)
 *(.data*)
 .data.__sglue  0x20000000        0xc D:/Arm_GNU_Toolchain/arm-none-eabi/bin/../lib/gcc/arm-none-eabi/14.3.1/../../../../arm-none-eabi/lib/thumb/v7e-m+fp/hard\libc_nano.a(libc_a-findfp.o)
                0x20000000                __sglue
 .data._impure_ptr
                0x2000000c        0x4 D:/Arm_GNU_Toolchain/arm-none-eabi/bin/../lib/gcc/arm-none-eabi/14.3.1/../../../../arm-none-eabi/lib/thumb/v7e-m+fp/hard\libc_nano.a(libc_a-impure.o)
                0x2000000c                _impure_ptr
 .data._impure_data
                0x20000010       0x4c D:/Arm_GNU_Toolchain/arm-none-eabi/bin/../lib/gcc/arm-none-eabi/14.3.1/../../../../arm-none-eabi/lib/thumb/v7e-m+fp/hard\libc_nano.a(libc_a-impure.o)
                0x20000010                _impure_data
 .data.SystemCoreClock
                0x2000005c        0x4 cmake/stm32cubemx/CMakeFiles/STM32_Drivers.dir/__/__/Core/Src/system_stm32f4xx.c.obj
                0x2000005c                SystemCoreClock
 .data.uwTickPrio
                0x20000060        0x4 cmake/stm32cubemx/CMakeFiles/STM32_Drivers.dir/__/__/Drivers/STM32F4xx_HAL_Driver/Src/stm32f4xx_hal.c.obj
                0x20000060                uwTickPrio
 .data.uwTickFreq
                0x20000064        0x1 cmake/stm32cubemx/CMakeFiles/STM32_Drivers.dir/__/__/Drivers/STM32F4xx_HAL_Driver/Src/stm32f4xx_hal.c.obj
                0x20000064                uwTickFreq
 *fill*         0x20000065        0x3 
 .data.g_point_color
                0x20000068        0x4 CMakeFiles/App.dir/Drivers/BSP/LCD/lcd.c.obj
                0x20000068                g_point_color
 .data.g_back_color
                0x2000006c        0x4 CMakeFiles/App.dir/Drivers/BSP/LCD/lcd.c.obj
                0x2000006c                g_back_color
 *(.RamFunc)
 *(.RamFunc*)
                0x20000070                        . = ALIGN (0x4)
                0x20000070                        _edata = .
                0x0800bb3c                        _siccmram = LOADADDR (.ccmram)

.tm_clone_table
                0x20000070        0x0 load address 0x0800bb3c
 .tm_clone_table
                0x20000070        0x0 D:/Arm_GNU_Toolchain/arm-none-eabi/bin/../lib/gcc/arm-none-eabi/14.3.1/thumb/v7e-m+fp/hard/crtbegin.o
 .tm_clone_table
                0x20000070        0x0 D:/Arm_GNU_Toolchain/arm-none-eabi/bin/../lib/gcc/arm-none-eabi/14.3.1/thumb/v7e-m+fp/hard/crtend.o

.igot.plt       0x20000070        0x0 load address 0x0800bb3c
 .igot.plt      0x20000070        0x0 D:/Arm_GNU_Toolchain/arm-none-eabi/bin/../lib/gcc/arm-none-eabi/14.3.1/thumb/v7e-m+fp/hard/crtbegin.o

.ccmram         0x10000000        0x0 load address 0x0800bb3c
                0x10000000                        . = ALIGN (0x4)
                0x10000000                        _sccmram = .
 *(.ccmram)
 *(.ccmram*)
                0x10000000                        . = ALIGN (0x4)
                0x10000000                        _eccmram = .
                0x10000000                        . = ALIGN (0x4)

.bss            0x20000070      0x348
                0x20000070                        _sbss = .
                0x20000070                        __bss_start__ = _sbss
 *(.bss)
 *(.bss*)
 .bss.completed.1
                0x20000070        0x1 D:/Arm_GNU_Toolchain/arm-none-eabi/bin/../lib/gcc/arm-none-eabi/14.3.1/thumb/v7e-m+fp/hard/crtbegin.o
 *fill*         0x20000071        0x3 
 .bss.object.0  0x20000074       0x18 D:/Arm_GNU_Toolchain/arm-none-eabi/bin/../lib/gcc/arm-none-eabi/14.3.1/thumb/v7e-m+fp/hard/crtbegin.o
 .bss.__sf      0x2000008c      0x138 D:/Arm_GNU_Toolchain/arm-none-eabi/bin/../lib/gcc/arm-none-eabi/14.3.1/../../../../arm-none-eabi/lib/thumb/v7e-m+fp/hard\libc_nano.a(libc_a-findfp.o)
                0x2000008c                __sf
 .bss.__stdio_exit_handler
                0x200001c4        0x4 D:/Arm_GNU_Toolchain/arm-none-eabi/bin/../lib/gcc/arm-none-eabi/14.3.1/../../../../arm-none-eabi/lib/thumb/v7e-m+fp/hard\libc_nano.a(libc_a-findfp.o)
                0x200001c4                __stdio_exit_handler
 .bss.errno     0x200001c8        0x4 D:/Arm_GNU_Toolchain/arm-none-eabi/bin/../lib/gcc/arm-none-eabi/14.3.1/../../../../arm-none-eabi/lib/thumb/v7e-m+fp/hard\libc_nano.a(libc_a-reent.o)
                0x200001c8                errno
 .bss.__lock___malloc_recursive_mutex
                0x200001cc        0x1 D:/Arm_GNU_Toolchain/arm-none-eabi/bin/../lib/gcc/arm-none-eabi/14.3.1/../../../../arm-none-eabi/lib/thumb/v7e-m+fp/hard\libc_nano.a(libc_a-lock.o)
                0x200001cc                __lock___malloc_recursive_mutex
 .bss.__lock___sfp_recursive_mutex
                0x200001cd        0x1 D:/Arm_GNU_Toolchain/arm-none-eabi/bin/../lib/gcc/arm-none-eabi/14.3.1/../../../../arm-none-eabi/lib/thumb/v7e-m+fp/hard\libc_nano.a(libc_a-lock.o)
                0x200001cd                __lock___sfp_recursive_mutex
 *fill*         0x200001ce        0x2 
 .bss.__malloc_sbrk_start
                0x200001d0        0x4 D:/Arm_GNU_Toolchain/arm-none-eabi/bin/../lib/gcc/arm-none-eabi/14.3.1/../../../../arm-none-eabi/lib/thumb/v7e-m+fp/hard\libc_nano.a(libc_a-mallocr.o)
                0x200001d0                __malloc_sbrk_start
 .bss.__malloc_free_list
                0x200001d4        0x4 D:/Arm_GNU_Toolchain/arm-none-eabi/bin/../lib/gcc/arm-none-eabi/14.3.1/../../../../arm-none-eabi/lib/thumb/v7e-m+fp/hard\libc_nano.a(libc_a-mallocr.o)
                0x200001d4                __malloc_free_list
 .bss.uwTick    0x200001d8        0x4 cmake/stm32cubemx/CMakeFiles/STM32_Drivers.dir/__/__/Drivers/STM32F4xx_HAL_Driver/Src/stm32f4xx_hal.c.obj
                0x200001d8                uwTick
 .bss.__sbrk_heap_end
                0x200001dc        0x4 CMakeFiles/App.dir/Core/Src/sysmem.c.obj
 .bss.g_usart_rx_buf
                0x200001e0       0xc8 CMakeFiles/App.dir/Drivers/SYSTEM/usart/usart.c.obj
                0x200001e0                g_usart_rx_buf
 .bss.g_usart_rx_sta
                0x200002a8        0x2 CMakeFiles/App.dir/Drivers/SYSTEM/usart/usart.c.obj
                0x200002a8                g_usart_rx_sta
 *fill*         0x200002aa        0x2 
 .bss.g_rx_buffer
                0x200002ac        0x1 CMakeFiles/App.dir/Drivers/SYSTEM/usart/usart.c.obj
                0x200002ac                g_rx_buffer
 *fill*         0x200002ad        0x3 
 .bss.g_uart1_handle
                0x200002b0       0x48 CMakeFiles/App.dir/Drivers/SYSTEM/usart/usart.c.obj
                0x200002b0                g_uart1_handle
 .bss.g_fac_us  0x200002f8        0x4 CMakeFiles/App.dir/Drivers/SYSTEM/delay/delay.c.obj
 .bss.wwdg_handler
                0x200002fc       0x14 CMakeFiles/App.dir/Drivers/BSP/WDG/wdg.c.obj
                0x200002fc                wwdg_handler
 .bss.g_timx_handler
                0x20000310       0x48 CMakeFiles/App.dir/Drivers/BSP/TIMER/btim.c.obj
                0x20000310                g_timx_handler
 .bss.g_sram_handle
                0x20000358       0x50 CMakeFiles/App.dir/Drivers/BSP/LCD/lcd.c.obj
                0x20000358                g_sram_handle
 .bss.lcddev    0x200003a8        0xe CMakeFiles/App.dir/Drivers/BSP/LCD/lcd.c.obj
                0x200003a8                lcddev
 *(COMMON)
                0x200003b8                        . = ALIGN (0x4)
 *fill*         0x200003b6        0x2 
                0x200003b8                        _ebss = .
                0x200003b8                        __bss_end__ = _ebss

._user_heap_stack
                0x200003b8      0x600
                0x200003b8                        . = ALIGN (0x8)
                [!provide]                        PROVIDE (end = .)
                0x200003b8                        PROVIDE (_end = .)
                0x200005b8                        . = (. + _Min_Heap_Size)
 *fill*         0x200003b8      0x200 
                0x200009b8                        . = (. + _Min_Stack_Size)
 *fill*         0x200005b8      0x400 
                0x200009b8                        . = ALIGN (0x8)

/DISCARD/
 libc.a(*)
 libm.a(*)
 libgcc.a(*)
OUTPUT(App.elf elf32-littlearm)
LOAD linker stubs
LOAD D:/Arm_GNU_Toolchain/arm-none-eabi/bin/../lib/gcc/arm-none-eabi/14.3.1/../../../../arm-none-eabi/lib/thumb/v7e-m+fp/hard\libc.a
LOAD D:/Arm_GNU_Toolchain/arm-none-eabi/bin/../lib/gcc/arm-none-eabi/14.3.1/../../../../arm-none-eabi/lib/thumb/v7e-m+fp/hard\libm.a
LOAD D:/Arm_GNU_Toolchain/arm-none-eabi/bin/../lib/gcc/arm-none-eabi/14.3.1/thumb/v7e-m+fp/hard\libgcc.a

.ARM.attributes
                0x00000000       0x30
 .ARM.attributes
                0x00000000       0x22 D:/Arm_GNU_Toolchain/arm-none-eabi/bin/../lib/gcc/arm-none-eabi/14.3.1/thumb/v7e-m+fp/hard/crti.o
 .ARM.attributes
                0x00000022       0x34 D:/Arm_GNU_Toolchain/arm-none-eabi/bin/../lib/gcc/arm-none-eabi/14.3.1/thumb/v7e-m+fp/hard/crtbegin.o
 .ARM.attributes
                0x00000056       0x34 D:/Arm_GNU_Toolchain/arm-none-eabi/bin/../lib/gcc/arm-none-eabi/14.3.1/../../../../arm-none-eabi/lib/thumb/v7e-m+fp/hard\libc_nano.a(libc_a-findfp.o)
 .ARM.attributes
                0x0000008a       0x34 D:/Arm_GNU_Toolchain/arm-none-eabi/bin/../lib/gcc/arm-none-eabi/14.3.1/../../../../arm-none-eabi/lib/thumb/v7e-m+fp/hard\libc_nano.a(libc_a-fwalk.o)
 .ARM.attributes
                0x000000be       0x34 D:/Arm_GNU_Toolchain/arm-none-eabi/bin/../lib/gcc/arm-none-eabi/14.3.1/../../../../arm-none-eabi/lib/thumb/v7e-m+fp/hard\libc_nano.a(libc_a-stdio.o)
 .ARM.attributes
                0x000000f2       0x34 D:/Arm_GNU_Toolchain/arm-none-eabi/bin/../lib/gcc/arm-none-eabi/14.3.1/../../../../arm-none-eabi/lib/thumb/v7e-m+fp/hard\libc_nano.a(libc_a-memset.o)
 .ARM.attributes
                0x00000126       0x34 D:/Arm_GNU_Toolchain/arm-none-eabi/bin/../lib/gcc/arm-none-eabi/14.3.1/../../../../arm-none-eabi/lib/thumb/v7e-m+fp/hard\libc_nano.a(libc_a-closer.o)
 .ARM.attributes
                0x0000015a       0x34 D:/Arm_GNU_Toolchain/arm-none-eabi/bin/../lib/gcc/arm-none-eabi/14.3.1/../../../../arm-none-eabi/lib/thumb/v7e-m+fp/hard\libc_nano.a(libc_a-reent.o)
 .ARM.attributes
                0x0000018e       0x34 D:/Arm_GNU_Toolchain/arm-none-eabi/bin/../lib/gcc/arm-none-eabi/14.3.1/../../../../arm-none-eabi/lib/thumb/v7e-m+fp/hard\libc_nano.a(libc_a-impure.o)
 .ARM.attributes
                0x000001c2       0x34 D:/Arm_GNU_Toolchain/arm-none-eabi/bin/../lib/gcc/arm-none-eabi/14.3.1/../../../../arm-none-eabi/lib/thumb/v7e-m+fp/hard\libc_nano.a(libc_a-lseekr.o)
 .ARM.attributes
                0x000001f6       0x34 D:/Arm_GNU_Toolchain/arm-none-eabi/bin/../lib/gcc/arm-none-eabi/14.3.1/../../../../arm-none-eabi/lib/thumb/v7e-m+fp/hard\libc_nano.a(libc_a-readr.o)
 .ARM.attributes
                0x0000022a       0x34 D:/Arm_GNU_Toolchain/arm-none-eabi/bin/../lib/gcc/arm-none-eabi/14.3.1/../../../../arm-none-eabi/lib/thumb/v7e-m+fp/hard\libc_nano.a(libc_a-writer.o)
 .ARM.attributes
                0x0000025e       0x34 D:/Arm_GNU_Toolchain/arm-none-eabi/bin/../lib/gcc/arm-none-eabi/14.3.1/../../../../arm-none-eabi/lib/thumb/v7e-m+fp/hard\libc_nano.a(libc_a-init.o)
 .ARM.attributes
                0x00000292       0x34 D:/Arm_GNU_Toolchain/arm-none-eabi/bin/../lib/gcc/arm-none-eabi/14.3.1/../../../../arm-none-eabi/lib/thumb/v7e-m+fp/hard\libc_nano.a(libc_a-lock.o)
 .ARM.attributes
                0x000002c6       0x34 D:/Arm_GNU_Toolchain/arm-none-eabi/bin/../lib/gcc/arm-none-eabi/14.3.1/../../../../arm-none-eabi/lib/thumb/v7e-m+fp/hard\libc_nano.a(libc_a-freer.o)
 .ARM.attributes
                0x000002fa       0x34 D:/Arm_GNU_Toolchain/arm-none-eabi/bin/../lib/gcc/arm-none-eabi/14.3.1/../../../../arm-none-eabi/lib/thumb/v7e-m+fp/hard\libc_nano.a(libc_a-mallocr.o)
 .ARM.attributes
                0x0000032e       0x34 D:/Arm_GNU_Toolchain/arm-none-eabi/bin/../lib/gcc/arm-none-eabi/14.3.1/../../../../arm-none-eabi/lib/thumb/v7e-m+fp/hard\libc_nano.a(libc_a-mlock.o)
 .ARM.attributes
                0x00000362       0x34 D:/Arm_GNU_Toolchain/arm-none-eabi/bin/../lib/gcc/arm-none-eabi/14.3.1/../../../../arm-none-eabi/lib/thumb/v7e-m+fp/hard\libc_nano.a(libc_a-fflush.o)
 .ARM.attributes
                0x00000396       0x34 D:/Arm_GNU_Toolchain/arm-none-eabi/bin/../lib/gcc/arm-none-eabi/14.3.1/../../../../arm-none-eabi/lib/thumb/v7e-m+fp/hard\libc_nano.a(libc_a-sbrkr.o)
 .ARM.attributes
                0x000003ca       0x34 cmake/stm32cubemx/CMakeFiles/STM32_Drivers.dir/__/__/Core/Src/system_stm32f4xx.c.obj
 .ARM.attributes
                0x000003fe       0x34 cmake/stm32cubemx/CMakeFiles/STM32_Drivers.dir/__/__/Drivers/STM32F4xx_HAL_Driver/Src/stm32f4xx_hal_rcc.c.obj
 .ARM.attributes
                0x00000432       0x34 cmake/stm32cubemx/CMakeFiles/STM32_Drivers.dir/__/__/Drivers/STM32F4xx_HAL_Driver/Src/stm32f4xx_hal_gpio.c.obj
 .ARM.attributes
                0x00000466       0x34 cmake/stm32cubemx/CMakeFiles/STM32_Drivers.dir/__/__/Drivers/STM32F4xx_HAL_Driver/Src/stm32f4xx_hal_dma.c.obj
 .ARM.attributes
                0x0000049a       0x34 cmake/stm32cubemx/CMakeFiles/STM32_Drivers.dir/__/__/Drivers/STM32F4xx_HAL_Driver/Src/stm32f4xx_hal_cortex.c.obj
 .ARM.attributes
                0x000004ce       0x34 cmake/stm32cubemx/CMakeFiles/STM32_Drivers.dir/__/__/Drivers/STM32F4xx_HAL_Driver/Src/stm32f4xx_hal.c.obj
 .ARM.attributes
                0x00000502       0x34 cmake/stm32cubemx/CMakeFiles/STM32_Drivers.dir/__/__/Drivers/STM32F4xx_HAL_Driver/Src/stm32f4xx_hal_uart.c.obj
 .ARM.attributes
                0x00000536       0x34 cmake/stm32cubemx/CMakeFiles/STM32_Drivers.dir/__/__/Drivers/STM32F4xx_HAL_Driver/Src/stm32f4xx_hal_wwdg.c.obj
 .ARM.attributes
                0x0000056a       0x34 cmake/stm32cubemx/CMakeFiles/STM32_Drivers.dir/__/__/Drivers/STM32F4xx_HAL_Driver/Src/stm32f4xx_hal_tim.c.obj
 .ARM.attributes
                0x0000059e       0x34 cmake/stm32cubemx/CMakeFiles/STM32_Drivers.dir/__/__/Drivers/STM32F4xx_HAL_Driver/Src/stm32f4xx_hal_tim_ex.c.obj
 .ARM.attributes
                0x000005d2       0x34 cmake/stm32cubemx/CMakeFiles/STM32_Drivers.dir/__/__/Drivers/STM32F4xx_HAL_Driver/Src/stm32f4xx_hal_sram.c.obj
 .ARM.attributes
                0x00000606       0x34 cmake/stm32cubemx/CMakeFiles/STM32_Drivers.dir/__/__/Drivers/STM32F4xx_HAL_Driver/Src/stm32f4xx_ll_fsmc.c.obj
 .ARM.attributes
                0x0000063a       0x34 CMakeFiles/App.dir/Core/Src/main.c.obj
 .ARM.attributes
                0x0000066e       0x34 CMakeFiles/App.dir/Core/Src/stm32f4xx_it.c.obj
 .ARM.attributes
                0x000006a2       0x34 CMakeFiles/App.dir/Core/Src/stm32f4xx_hal_msp.c.obj
 .ARM.attributes
                0x000006d6       0x34 CMakeFiles/App.dir/Core/Src/sysmem.c.obj
 .ARM.attributes
                0x0000070a       0x34 CMakeFiles/App.dir/Core/Src/syscalls.c.obj
 .ARM.attributes
                0x0000073e       0x21 CMakeFiles/App.dir/startup_stm32f407xx.s.obj
 .ARM.attributes
                0x0000075f       0x34 CMakeFiles/App.dir/Drivers/SYSTEM/sys/sys.c.obj
 .ARM.attributes
                0x00000793       0x34 CMakeFiles/App.dir/Drivers/SYSTEM/usart/usart.c.obj
 .ARM.attributes
                0x000007c7       0x34 CMakeFiles/App.dir/Drivers/SYSTEM/delay/delay.c.obj
 .ARM.attributes
                0x000007fb       0x34 CMakeFiles/App.dir/Drivers/BSP/LED/led.c.obj
 .ARM.attributes
                0x0000082f       0x34 CMakeFiles/App.dir/Drivers/BSP/EXTI/exti.c.obj
 .ARM.attributes
                0x00000863       0x34 CMakeFiles/App.dir/Drivers/BSP/WDG/wdg.c.obj
 .ARM.attributes
                0x00000897       0x34 CMakeFiles/App.dir/Drivers/BSP/TIMER/btim.c.obj
 .ARM.attributes
                0x000008cb       0x34 CMakeFiles/App.dir/Drivers/BSP/LCD/lcd.c.obj
 .ARM.attributes
                0x000008ff       0x22 D:/Arm_GNU_Toolchain/arm-none-eabi/bin/../lib/gcc/arm-none-eabi/14.3.1/thumb/v7e-m+fp/hard\libgcc.a(_arm_muldf3.o)
 .ARM.attributes
                0x00000921       0x22 D:/Arm_GNU_Toolchain/arm-none-eabi/bin/../lib/gcc/arm-none-eabi/14.3.1/thumb/v7e-m+fp/hard\libgcc.a(_arm_addsubdf3.o)
 .ARM.attributes
                0x00000943       0x22 D:/Arm_GNU_Toolchain/arm-none-eabi/bin/../lib/gcc/arm-none-eabi/14.3.1/thumb/v7e-m+fp/hard\libgcc.a(_arm_fixunsdfsi.o)
 .ARM.attributes
                0x00000965       0x22 D:/Arm_GNU_Toolchain/arm-none-eabi/bin/../lib/gcc/arm-none-eabi/14.3.1/thumb/v7e-m+fp/hard\libgcc.a(_aeabi_uldivmod.o)
 .ARM.attributes
                0x00000987       0x34 D:/Arm_GNU_Toolchain/arm-none-eabi/bin/../lib/gcc/arm-none-eabi/14.3.1/thumb/v7e-m+fp/hard\libgcc.a(_udivmoddi4.o)
 .ARM.attributes
                0x000009bb       0x22 D:/Arm_GNU_Toolchain/arm-none-eabi/bin/../lib/gcc/arm-none-eabi/14.3.1/thumb/v7e-m+fp/hard\libgcc.a(_dvmd_tls.o)
 .ARM.attributes
                0x000009dd       0x34 D:/Arm_GNU_Toolchain/arm-none-eabi/bin/../lib/gcc/arm-none-eabi/14.3.1/../../../../arm-none-eabi/lib/thumb/v7e-m+fp/hard\libg_nano.a(libc_a-printf.o)
 .ARM.attributes
                0x00000a11       0x34 D:/Arm_GNU_Toolchain/arm-none-eabi/bin/../lib/gcc/arm-none-eabi/14.3.1/../../../../arm-none-eabi/lib/thumb/v7e-m+fp/hard\libg_nano.a(libc_a-sprintf.o)
 .ARM.attributes
                0x00000a45       0x34 D:/Arm_GNU_Toolchain/arm-none-eabi/bin/../lib/gcc/arm-none-eabi/14.3.1/../../../../arm-none-eabi/lib/thumb/v7e-m+fp/hard\libg_nano.a(libc_a-errno.o)
 .ARM.attributes
                0x00000a79       0x34 D:/Arm_GNU_Toolchain/arm-none-eabi/bin/../lib/gcc/arm-none-eabi/14.3.1/../../../../arm-none-eabi/lib/thumb/v7e-m+fp/hard\libg_nano.a(libc_a-nano-svfprintf.o)
 .ARM.attributes
                0x00000aad       0x34 D:/Arm_GNU_Toolchain/arm-none-eabi/bin/../lib/gcc/arm-none-eabi/14.3.1/../../../../arm-none-eabi/lib/thumb/v7e-m+fp/hard\libg_nano.a(libc_a-nano-vfprintf.o)
 .ARM.attributes
                0x00000ae1       0x34 D:/Arm_GNU_Toolchain/arm-none-eabi/bin/../lib/gcc/arm-none-eabi/14.3.1/../../../../arm-none-eabi/lib/thumb/v7e-m+fp/hard\libg_nano.a(libc_a-nano-vfprintf_i.o)
 .ARM.attributes
                0x00000b15       0x34 D:/Arm_GNU_Toolchain/arm-none-eabi/bin/../lib/gcc/arm-none-eabi/14.3.1/../../../../arm-none-eabi/lib/thumb/v7e-m+fp/hard\libg_nano.a(libc_a-wbuf.o)
 .ARM.attributes
                0x00000b49       0x34 D:/Arm_GNU_Toolchain/arm-none-eabi/bin/../lib/gcc/arm-none-eabi/14.3.1/../../../../arm-none-eabi/lib/thumb/v7e-m+fp/hard\libg_nano.a(libc_a-wsetup.o)
 .ARM.attributes
                0x00000b7d       0x34 D:/Arm_GNU_Toolchain/arm-none-eabi/bin/../lib/gcc/arm-none-eabi/14.3.1/../../../../arm-none-eabi/lib/thumb/v7e-m+fp/hard\libg_nano.a(libc_a-memmove.o)
 .ARM.attributes
                0x00000bb1       0x1c D:/Arm_GNU_Toolchain/arm-none-eabi/bin/../lib/gcc/arm-none-eabi/14.3.1/../../../../arm-none-eabi/lib/thumb/v7e-m+fp/hard\libg_nano.a(libc_a-memchr.o)
 .ARM.attributes
                0x00000bcd       0x34 D:/Arm_GNU_Toolchain/arm-none-eabi/bin/../lib/gcc/arm-none-eabi/14.3.1/../../../../arm-none-eabi/lib/thumb/v7e-m+fp/hard\libg_nano.a(libc_a-memcpy-stub.o)
 .ARM.attributes
                0x00000c01       0x34 D:/Arm_GNU_Toolchain/arm-none-eabi/bin/../lib/gcc/arm-none-eabi/14.3.1/../../../../arm-none-eabi/lib/thumb/v7e-m+fp/hard\libg_nano.a(libc_a-reallocr.o)
 .ARM.attributes
                0x00000c35       0x34 D:/Arm_GNU_Toolchain/arm-none-eabi/bin/../lib/gcc/arm-none-eabi/14.3.1/../../../../arm-none-eabi/lib/thumb/v7e-m+fp/hard\libg_nano.a(libc_a-makebuf.o)
 .ARM.attributes
                0x00000c69       0x34 D:/Arm_GNU_Toolchain/arm-none-eabi/bin/../lib/gcc/arm-none-eabi/14.3.1/../../../../arm-none-eabi/lib/thumb/v7e-m+fp/hard\libg_nano.a(libc_a-fstatr.o)
 .ARM.attributes
                0x00000c9d       0x34 D:/Arm_GNU_Toolchain/arm-none-eabi/bin/../lib/gcc/arm-none-eabi/14.3.1/../../../../arm-none-eabi/lib/thumb/v7e-m+fp/hard\libg_nano.a(libc_a-isattyr.o)
 .ARM.attributes
                0x00000cd1       0x34 D:/Arm_GNU_Toolchain/arm-none-eabi/bin/../lib/gcc/arm-none-eabi/14.3.1/../../../../arm-none-eabi/lib/thumb/v7e-m+fp/hard\libg_nano.a(libc_a-msizer.o)
 .ARM.attributes
                0x00000d05       0x34 D:/Arm_GNU_Toolchain/arm-none-eabi/bin/../lib/gcc/arm-none-eabi/14.3.1/thumb/v7e-m+fp/hard/crtend.o
 .ARM.attributes
                0x00000d39       0x22 D:/Arm_GNU_Toolchain/arm-none-eabi/bin/../lib/gcc/arm-none-eabi/14.3.1/thumb/v7e-m+fp/hard/crtn.o

.comment        0x00000000       0x46
 .comment       0x00000000       0x46 cmake/stm32cubemx/CMakeFiles/STM32_Drivers.dir/__/__/Core/Src/system_stm32f4xx.c.obj
                                 0x47 (size before relaxing)
 .comment       0x00000046       0x47 cmake/stm32cubemx/CMakeFiles/STM32_Drivers.dir/__/__/Drivers/STM32F4xx_HAL_Driver/Src/stm32f4xx_hal_rcc.c.obj
 .comment       0x00000046       0x47 cmake/stm32cubemx/CMakeFiles/STM32_Drivers.dir/__/__/Drivers/STM32F4xx_HAL_Driver/Src/stm32f4xx_hal_gpio.c.obj
 .comment       0x00000046       0x47 cmake/stm32cubemx/CMakeFiles/STM32_Drivers.dir/__/__/Drivers/STM32F4xx_HAL_Driver/Src/stm32f4xx_hal_dma.c.obj
 .comment       0x00000046       0x47 cmake/stm32cubemx/CMakeFiles/STM32_Drivers.dir/__/__/Drivers/STM32F4xx_HAL_Driver/Src/stm32f4xx_hal_cortex.c.obj
 .comment       0x00000046       0x47 cmake/stm32cubemx/CMakeFiles/STM32_Drivers.dir/__/__/Drivers/STM32F4xx_HAL_Driver/Src/stm32f4xx_hal.c.obj
 .comment       0x00000046       0x47 cmake/stm32cubemx/CMakeFiles/STM32_Drivers.dir/__/__/Drivers/STM32F4xx_HAL_Driver/Src/stm32f4xx_hal_uart.c.obj
 .comment       0x00000046       0x47 cmake/stm32cubemx/CMakeFiles/STM32_Drivers.dir/__/__/Drivers/STM32F4xx_HAL_Driver/Src/stm32f4xx_hal_wwdg.c.obj
 .comment       0x00000046       0x47 cmake/stm32cubemx/CMakeFiles/STM32_Drivers.dir/__/__/Drivers/STM32F4xx_HAL_Driver/Src/stm32f4xx_hal_tim.c.obj
 .comment       0x00000046       0x47 cmake/stm32cubemx/CMakeFiles/STM32_Drivers.dir/__/__/Drivers/STM32F4xx_HAL_Driver/Src/stm32f4xx_hal_tim_ex.c.obj
 .comment       0x00000046       0x47 cmake/stm32cubemx/CMakeFiles/STM32_Drivers.dir/__/__/Drivers/STM32F4xx_HAL_Driver/Src/stm32f4xx_hal_sram.c.obj
 .comment       0x00000046       0x47 cmake/stm32cubemx/CMakeFiles/STM32_Drivers.dir/__/__/Drivers/STM32F4xx_HAL_Driver/Src/stm32f4xx_ll_fsmc.c.obj
 .comment       0x00000046       0x47 CMakeFiles/App.dir/Core/Src/main.c.obj
 .comment       0x00000046       0x47 CMakeFiles/App.dir/Core/Src/stm32f4xx_it.c.obj
 .comment       0x00000046       0x47 CMakeFiles/App.dir/Core/Src/stm32f4xx_hal_msp.c.obj
 .comment       0x00000046       0x47 CMakeFiles/App.dir/Core/Src/sysmem.c.obj
 .comment       0x00000046       0x47 CMakeFiles/App.dir/Core/Src/syscalls.c.obj
 .comment       0x00000046       0x47 CMakeFiles/App.dir/Drivers/SYSTEM/sys/sys.c.obj
 .comment       0x00000046       0x47 CMakeFiles/App.dir/Drivers/SYSTEM/usart/usart.c.obj
 .comment       0x00000046       0x47 CMakeFiles/App.dir/Drivers/SYSTEM/delay/delay.c.obj
 .comment       0x00000046       0x47 CMakeFiles/App.dir/Drivers/BSP/LED/led.c.obj
 .comment       0x00000046       0x47 CMakeFiles/App.dir/Drivers/BSP/EXTI/exti.c.obj
 .comment       0x00000046       0x47 CMakeFiles/App.dir/Drivers/BSP/WDG/wdg.c.obj
 .comment       0x00000046       0x47 CMakeFiles/App.dir/Drivers/BSP/TIMER/btim.c.obj
 .comment       0x00000046       0x47 CMakeFiles/App.dir/Drivers/BSP/LCD/lcd.c.obj

.debug_frame    0x00000000     0x50a0
 .debug_frame   0x00000000      0x144 D:/Arm_GNU_Toolchain/arm-none-eabi/bin/../lib/gcc/arm-none-eabi/14.3.1/../../../../arm-none-eabi/lib/thumb/v7e-m+fp/hard\libc_nano.a(libc_a-findfp.o)
 .debug_frame   0x00000144       0x34 D:/Arm_GNU_Toolchain/arm-none-eabi/bin/../lib/gcc/arm-none-eabi/14.3.1/../../../../arm-none-eabi/lib/thumb/v7e-m+fp/hard\libc_nano.a(libc_a-fwalk.o)
 .debug_frame   0x00000178       0x88 D:/Arm_GNU_Toolchain/arm-none-eabi/bin/../lib/gcc/arm-none-eabi/14.3.1/../../../../arm-none-eabi/lib/thumb/v7e-m+fp/hard\libc_nano.a(libc_a-stdio.o)
 .debug_frame   0x00000200       0x20 D:/Arm_GNU_Toolchain/arm-none-eabi/bin/../lib/gcc/arm-none-eabi/14.3.1/../../../../arm-none-eabi/lib/thumb/v7e-m+fp/hard\libc_nano.a(libc_a-memset.o)
 .debug_frame   0x00000220       0x2c D:/Arm_GNU_Toolchain/arm-none-eabi/bin/../lib/gcc/arm-none-eabi/14.3.1/../../../../arm-none-eabi/lib/thumb/v7e-m+fp/hard\libc_nano.a(libc_a-closer.o)
 .debug_frame   0x0000024c       0x38 D:/Arm_GNU_Toolchain/arm-none-eabi/bin/../lib/gcc/arm-none-eabi/14.3.1/../../../../arm-none-eabi/lib/thumb/v7e-m+fp/hard\libc_nano.a(libc_a-reent.o)
 .debug_frame   0x00000284       0x2c D:/Arm_GNU_Toolchain/arm-none-eabi/bin/../lib/gcc/arm-none-eabi/14.3.1/../../../../arm-none-eabi/lib/thumb/v7e-m+fp/hard\libc_nano.a(libc_a-lseekr.o)
 .debug_frame   0x000002b0       0x2c D:/Arm_GNU_Toolchain/arm-none-eabi/bin/../lib/gcc/arm-none-eabi/14.3.1/../../../../arm-none-eabi/lib/thumb/v7e-m+fp/hard\libc_nano.a(libc_a-readr.o)
 .debug_frame   0x000002dc       0x2c D:/Arm_GNU_Toolchain/arm-none-eabi/bin/../lib/gcc/arm-none-eabi/14.3.1/../../../../arm-none-eabi/lib/thumb/v7e-m+fp/hard\libc_nano.a(libc_a-writer.o)
 .debug_frame   0x00000308       0x2c D:/Arm_GNU_Toolchain/arm-none-eabi/bin/../lib/gcc/arm-none-eabi/14.3.1/../../../../arm-none-eabi/lib/thumb/v7e-m+fp/hard\libc_nano.a(libc_a-init.o)
 .debug_frame   0x00000334       0xb0 D:/Arm_GNU_Toolchain/arm-none-eabi/bin/../lib/gcc/arm-none-eabi/14.3.1/../../../../arm-none-eabi/lib/thumb/v7e-m+fp/hard\libc_nano.a(libc_a-lock.o)
 .debug_frame   0x000003e4       0x38 D:/Arm_GNU_Toolchain/arm-none-eabi/bin/../lib/gcc/arm-none-eabi/14.3.1/../../../../arm-none-eabi/lib/thumb/v7e-m+fp/hard\libc_nano.a(libc_a-freer.o)
 .debug_frame   0x0000041c       0x50 D:/Arm_GNU_Toolchain/arm-none-eabi/bin/../lib/gcc/arm-none-eabi/14.3.1/../../../../arm-none-eabi/lib/thumb/v7e-m+fp/hard\libc_nano.a(libc_a-mallocr.o)
 .debug_frame   0x0000046c       0x30 D:/Arm_GNU_Toolchain/arm-none-eabi/bin/../lib/gcc/arm-none-eabi/14.3.1/../../../../arm-none-eabi/lib/thumb/v7e-m+fp/hard\libc_nano.a(libc_a-mlock.o)
 .debug_frame   0x0000049c       0x5c D:/Arm_GNU_Toolchain/arm-none-eabi/bin/../lib/gcc/arm-none-eabi/14.3.1/../../../../arm-none-eabi/lib/thumb/v7e-m+fp/hard\libc_nano.a(libc_a-fflush.o)
 .debug_frame   0x000004f8       0x2c D:/Arm_GNU_Toolchain/arm-none-eabi/bin/../lib/gcc/arm-none-eabi/14.3.1/../../../../arm-none-eabi/lib/thumb/v7e-m+fp/hard\libc_nano.a(libc_a-sbrkr.o)
 .debug_frame   0x00000524       0x58 cmake/stm32cubemx/CMakeFiles/STM32_Drivers.dir/__/__/Core/Src/system_stm32f4xx.c.obj
 .debug_frame   0x0000057c      0x1f4 cmake/stm32cubemx/CMakeFiles/STM32_Drivers.dir/__/__/Drivers/STM32F4xx_HAL_Driver/Src/stm32f4xx_hal_rcc.c.obj
 .debug_frame   0x00000770      0x14c cmake/stm32cubemx/CMakeFiles/STM32_Drivers.dir/__/__/Drivers/STM32F4xx_HAL_Driver/Src/stm32f4xx_hal_gpio.c.obj
 .debug_frame   0x000008bc      0x250 cmake/stm32cubemx/CMakeFiles/STM32_Drivers.dir/__/__/Drivers/STM32F4xx_HAL_Driver/Src/stm32f4xx_hal_dma.c.obj
 .debug_frame   0x00000b0c      0x508 cmake/stm32cubemx/CMakeFiles/STM32_Drivers.dir/__/__/Drivers/STM32F4xx_HAL_Driver/Src/stm32f4xx_hal_cortex.c.obj
 .debug_frame   0x00001014      0x374 cmake/stm32cubemx/CMakeFiles/STM32_Drivers.dir/__/__/Drivers/STM32F4xx_HAL_Driver/Src/stm32f4xx_hal.c.obj
 .debug_frame   0x00001388      0x954 cmake/stm32cubemx/CMakeFiles/STM32_Drivers.dir/__/__/Drivers/STM32F4xx_HAL_Driver/Src/stm32f4xx_hal_uart.c.obj
 .debug_frame   0x00001cdc       0xd0 cmake/stm32cubemx/CMakeFiles/STM32_Drivers.dir/__/__/Drivers/STM32F4xx_HAL_Driver/Src/stm32f4xx_hal_wwdg.c.obj
 .debug_frame   0x00001dac     0x11c0 cmake/stm32cubemx/CMakeFiles/STM32_Drivers.dir/__/__/Drivers/STM32F4xx_HAL_Driver/Src/stm32f4xx_hal_tim.c.obj
 .debug_frame   0x00002f6c      0x638 cmake/stm32cubemx/CMakeFiles/STM32_Drivers.dir/__/__/Drivers/STM32F4xx_HAL_Driver/Src/stm32f4xx_hal_tim_ex.c.obj
 .debug_frame   0x000035a4      0x30c cmake/stm32cubemx/CMakeFiles/STM32_Drivers.dir/__/__/Drivers/STM32F4xx_HAL_Driver/Src/stm32f4xx_hal_sram.c.obj
 .debug_frame   0x000038b0      0x2dc cmake/stm32cubemx/CMakeFiles/STM32_Drivers.dir/__/__/Drivers/STM32F4xx_HAL_Driver/Src/stm32f4xx_ll_fsmc.c.obj
 .debug_frame   0x00003b8c       0xb8 CMakeFiles/App.dir/Core/Src/main.c.obj
 .debug_frame   0x00003c44      0x104 CMakeFiles/App.dir/Core/Src/stm32f4xx_it.c.obj
 .debug_frame   0x00003d48       0x38 CMakeFiles/App.dir/Core/Src/stm32f4xx_hal_msp.c.obj
 .debug_frame   0x00003d80       0x34 CMakeFiles/App.dir/Core/Src/sysmem.c.obj
 .debug_frame   0x00003db4      0x2ac CMakeFiles/App.dir/Core/Src/syscalls.c.obj
 .debug_frame   0x00004060      0x140 CMakeFiles/App.dir/Drivers/SYSTEM/sys/sys.c.obj
 .debug_frame   0x000041a0       0x98 CMakeFiles/App.dir/Drivers/SYSTEM/usart/usart.c.obj
 .debug_frame   0x00004238       0xa8 CMakeFiles/App.dir/Drivers/SYSTEM/delay/delay.c.obj
 .debug_frame   0x000042e0       0x34 CMakeFiles/App.dir/Drivers/BSP/LED/led.c.obj
 .debug_frame   0x00004314       0xc8 CMakeFiles/App.dir/Drivers/BSP/EXTI/exti.c.obj
 .debug_frame   0x000043dc       0xd8 CMakeFiles/App.dir/Drivers/BSP/WDG/wdg.c.obj
 .debug_frame   0x000044b4       0x98 CMakeFiles/App.dir/Drivers/BSP/TIMER/btim.c.obj
 .debug_frame   0x0000454c      0x548 CMakeFiles/App.dir/Drivers/BSP/LCD/lcd.c.obj
 .debug_frame   0x00004a94       0x30 D:/Arm_GNU_Toolchain/arm-none-eabi/bin/../lib/gcc/arm-none-eabi/14.3.1/thumb/v7e-m+fp/hard\libgcc.a(_arm_muldf3.o)
 .debug_frame   0x00004ac4       0xac D:/Arm_GNU_Toolchain/arm-none-eabi/bin/../lib/gcc/arm-none-eabi/14.3.1/thumb/v7e-m+fp/hard\libgcc.a(_arm_addsubdf3.o)
 .debug_frame   0x00004b70       0x24 D:/Arm_GNU_Toolchain/arm-none-eabi/bin/../lib/gcc/arm-none-eabi/14.3.1/thumb/v7e-m+fp/hard\libgcc.a(_arm_fixunsdfsi.o)
 .debug_frame   0x00004b94       0x2c D:/Arm_GNU_Toolchain/arm-none-eabi/bin/../lib/gcc/arm-none-eabi/14.3.1/thumb/v7e-m+fp/hard\libgcc.a(_aeabi_uldivmod.o)
 .debug_frame   0x00004bc0       0x34 D:/Arm_GNU_Toolchain/arm-none-eabi/bin/../lib/gcc/arm-none-eabi/14.3.1/thumb/v7e-m+fp/hard\libgcc.a(_udivmoddi4.o)
 .debug_frame   0x00004bf4       0x6c D:/Arm_GNU_Toolchain/arm-none-eabi/bin/../lib/gcc/arm-none-eabi/14.3.1/../../../../arm-none-eabi/lib/thumb/v7e-m+fp/hard\libg_nano.a(libc_a-printf.o)
 .debug_frame   0x00004c60       0x74 D:/Arm_GNU_Toolchain/arm-none-eabi/bin/../lib/gcc/arm-none-eabi/14.3.1/../../../../arm-none-eabi/lib/thumb/v7e-m+fp/hard\libg_nano.a(libc_a-sprintf.o)
 .debug_frame   0x00004cd4       0x20 D:/Arm_GNU_Toolchain/arm-none-eabi/bin/../lib/gcc/arm-none-eabi/14.3.1/../../../../arm-none-eabi/lib/thumb/v7e-m+fp/hard\libg_nano.a(libc_a-errno.o)
 .debug_frame   0x00004cf4       0x90 D:/Arm_GNU_Toolchain/arm-none-eabi/bin/../lib/gcc/arm-none-eabi/14.3.1/../../../../arm-none-eabi/lib/thumb/v7e-m+fp/hard\libg_nano.a(libc_a-nano-svfprintf.o)
 .debug_frame   0x00004d84       0xa8 D:/Arm_GNU_Toolchain/arm-none-eabi/bin/../lib/gcc/arm-none-eabi/14.3.1/../../../../arm-none-eabi/lib/thumb/v7e-m+fp/hard\libg_nano.a(libc_a-nano-vfprintf.o)
 .debug_frame   0x00004e2c       0x60 D:/Arm_GNU_Toolchain/arm-none-eabi/bin/../lib/gcc/arm-none-eabi/14.3.1/../../../../arm-none-eabi/lib/thumb/v7e-m+fp/hard\libg_nano.a(libc_a-nano-vfprintf_i.o)
 .debug_frame   0x00004e8c       0x40 D:/Arm_GNU_Toolchain/arm-none-eabi/bin/../lib/gcc/arm-none-eabi/14.3.1/../../../../arm-none-eabi/lib/thumb/v7e-m+fp/hard\libg_nano.a(libc_a-wbuf.o)
 .debug_frame   0x00004ecc       0x2c D:/Arm_GNU_Toolchain/arm-none-eabi/bin/../lib/gcc/arm-none-eabi/14.3.1/../../../../arm-none-eabi/lib/thumb/v7e-m+fp/hard\libg_nano.a(libc_a-wsetup.o)
 .debug_frame   0x00004ef8       0x28 D:/Arm_GNU_Toolchain/arm-none-eabi/bin/../lib/gcc/arm-none-eabi/14.3.1/../../../../arm-none-eabi/lib/thumb/v7e-m+fp/hard\libg_nano.a(libc_a-memmove.o)
 .debug_frame   0x00004f20       0x4c D:/Arm_GNU_Toolchain/arm-none-eabi/bin/../lib/gcc/arm-none-eabi/14.3.1/../../../../arm-none-eabi/lib/thumb/v7e-m+fp/hard\libg_nano.a(libc_a-memchr.o)
 .debug_frame   0x00004f6c       0x28 D:/Arm_GNU_Toolchain/arm-none-eabi/bin/../lib/gcc/arm-none-eabi/14.3.1/../../../../arm-none-eabi/lib/thumb/v7e-m+fp/hard\libg_nano.a(libc_a-memcpy-stub.o)
 .debug_frame   0x00004f94       0x3c D:/Arm_GNU_Toolchain/arm-none-eabi/bin/../lib/gcc/arm-none-eabi/14.3.1/../../../../arm-none-eabi/lib/thumb/v7e-m+fp/hard\libg_nano.a(libc_a-reallocr.o)
 .debug_frame   0x00004fd0       0x58 D:/Arm_GNU_Toolchain/arm-none-eabi/bin/../lib/gcc/arm-none-eabi/14.3.1/../../../../arm-none-eabi/lib/thumb/v7e-m+fp/hard\libg_nano.a(libc_a-makebuf.o)
 .debug_frame   0x00005028       0x2c D:/Arm_GNU_Toolchain/arm-none-eabi/bin/../lib/gcc/arm-none-eabi/14.3.1/../../../../arm-none-eabi/lib/thumb/v7e-m+fp/hard\libg_nano.a(libc_a-fstatr.o)
 .debug_frame   0x00005054       0x2c D:/Arm_GNU_Toolchain/arm-none-eabi/bin/../lib/gcc/arm-none-eabi/14.3.1/../../../../arm-none-eabi/lib/thumb/v7e-m+fp/hard\libg_nano.a(libc_a-isattyr.o)
 .debug_frame   0x00005080       0x20 D:/Arm_GNU_Toolchain/arm-none-eabi/bin/../lib/gcc/arm-none-eabi/14.3.1/../../../../arm-none-eabi/lib/thumb/v7e-m+fp/hard\libg_nano.a(libc_a-msizer.o)

.debug_info     0x00000000    0x11e88
 .debug_info    0x00000000      0x512 cmake/stm32cubemx/CMakeFiles/STM32_Drivers.dir/__/__/Core/Src/system_stm32f4xx.c.obj
 .debug_info    0x00000512      0x8c3 cmake/stm32cubemx/CMakeFiles/STM32_Drivers.dir/__/__/Drivers/STM32F4xx_HAL_Driver/Src/stm32f4xx_hal_rcc.c.obj
 .debug_info    0x00000dd5      0x6c3 cmake/stm32cubemx/CMakeFiles/STM32_Drivers.dir/__/__/Drivers/STM32F4xx_HAL_Driver/Src/stm32f4xx_hal_gpio.c.obj
 .debug_info    0x00001498      0x8e7 cmake/stm32cubemx/CMakeFiles/STM32_Drivers.dir/__/__/Drivers/STM32F4xx_HAL_Driver/Src/stm32f4xx_hal_dma.c.obj
 .debug_info    0x00001d7f      0xd8c cmake/stm32cubemx/CMakeFiles/STM32_Drivers.dir/__/__/Drivers/STM32F4xx_HAL_Driver/Src/stm32f4xx_hal_cortex.c.obj
 .debug_info    0x00002b0b      0x944 cmake/stm32cubemx/CMakeFiles/STM32_Drivers.dir/__/__/Drivers/STM32F4xx_HAL_Driver/Src/stm32f4xx_hal.c.obj
 .debug_info    0x0000344f     0x2f4f cmake/stm32cubemx/CMakeFiles/STM32_Drivers.dir/__/__/Drivers/STM32F4xx_HAL_Driver/Src/stm32f4xx_hal_uart.c.obj
 .debug_info    0x0000639e      0x254 cmake/stm32cubemx/CMakeFiles/STM32_Drivers.dir/__/__/Drivers/STM32F4xx_HAL_Driver/Src/stm32f4xx_hal_wwdg.c.obj
 .debug_info    0x000065f2     0x299d cmake/stm32cubemx/CMakeFiles/STM32_Drivers.dir/__/__/Drivers/STM32F4xx_HAL_Driver/Src/stm32f4xx_hal_tim.c.obj
 .debug_info    0x00008f8f     0x14db cmake/stm32cubemx/CMakeFiles/STM32_Drivers.dir/__/__/Drivers/STM32F4xx_HAL_Driver/Src/stm32f4xx_hal_tim_ex.c.obj
 .debug_info    0x0000a46a      0xd48 cmake/stm32cubemx/CMakeFiles/STM32_Drivers.dir/__/__/Drivers/STM32F4xx_HAL_Driver/Src/stm32f4xx_hal_sram.c.obj
 .debug_info    0x0000b1b2      0x9a5 cmake/stm32cubemx/CMakeFiles/STM32_Drivers.dir/__/__/Drivers/STM32F4xx_HAL_Driver/Src/stm32f4xx_ll_fsmc.c.obj
 .debug_info    0x0000bb57      0xc7f CMakeFiles/App.dir/Core/Src/main.c.obj
 .debug_info    0x0000c7d6      0x112 CMakeFiles/App.dir/Core/Src/stm32f4xx_it.c.obj
 .debug_info    0x0000c8e8      0x269 CMakeFiles/App.dir/Core/Src/stm32f4xx_hal_msp.c.obj
 .debug_info    0x0000cb51      0x168 CMakeFiles/App.dir/Core/Src/sysmem.c.obj
 .debug_info    0x0000ccb9      0x6a3 CMakeFiles/App.dir/Core/Src/syscalls.c.obj
 .debug_info    0x0000d35c       0x30 CMakeFiles/App.dir/startup_stm32f407xx.s.obj
 .debug_info    0x0000d38c      0x861 CMakeFiles/App.dir/Drivers/SYSTEM/sys/sys.c.obj
 .debug_info    0x0000dbed      0xc3e CMakeFiles/App.dir/Drivers/SYSTEM/usart/usart.c.obj
 .debug_info    0x0000e82b      0x1dd CMakeFiles/App.dir/Drivers/SYSTEM/delay/delay.c.obj
 .debug_info    0x0000ea08      0x3d1 CMakeFiles/App.dir/Drivers/BSP/LED/led.c.obj
 .debug_info    0x0000edd9      0x573 CMakeFiles/App.dir/Drivers/BSP/EXTI/exti.c.obj
 .debug_info    0x0000f34c      0x860 CMakeFiles/App.dir/Drivers/BSP/WDG/wdg.c.obj
 .debug_info    0x0000fbac      0xc30 CMakeFiles/App.dir/Drivers/BSP/TIMER/btim.c.obj
 .debug_info    0x000107dc     0x16ac CMakeFiles/App.dir/Drivers/BSP/LCD/lcd.c.obj

.debug_abbrev   0x00000000     0x30af
 .debug_abbrev  0x00000000      0x11a cmake/stm32cubemx/CMakeFiles/STM32_Drivers.dir/__/__/Core/Src/system_stm32f4xx.c.obj
 .debug_abbrev  0x0000011a      0x2b7 cmake/stm32cubemx/CMakeFiles/STM32_Drivers.dir/__/__/Drivers/STM32F4xx_HAL_Driver/Src/stm32f4xx_hal_rcc.c.obj
 .debug_abbrev  0x000003d1      0x1d4 cmake/stm32cubemx/CMakeFiles/STM32_Drivers.dir/__/__/Drivers/STM32F4xx_HAL_Driver/Src/stm32f4xx_hal_gpio.c.obj
 .debug_abbrev  0x000005a5      0x264 cmake/stm32cubemx/CMakeFiles/STM32_Drivers.dir/__/__/Drivers/STM32F4xx_HAL_Driver/Src/stm32f4xx_hal_dma.c.obj
 .debug_abbrev  0x00000809      0x31d cmake/stm32cubemx/CMakeFiles/STM32_Drivers.dir/__/__/Drivers/STM32F4xx_HAL_Driver/Src/stm32f4xx_hal_cortex.c.obj
 .debug_abbrev  0x00000b26      0x214 cmake/stm32cubemx/CMakeFiles/STM32_Drivers.dir/__/__/Drivers/STM32F4xx_HAL_Driver/Src/stm32f4xx_hal.c.obj
 .debug_abbrev  0x00000d3a      0x30e cmake/stm32cubemx/CMakeFiles/STM32_Drivers.dir/__/__/Drivers/STM32F4xx_HAL_Driver/Src/stm32f4xx_hal_uart.c.obj
 .debug_abbrev  0x00001048      0x175 cmake/stm32cubemx/CMakeFiles/STM32_Drivers.dir/__/__/Drivers/STM32F4xx_HAL_Driver/Src/stm32f4xx_hal_wwdg.c.obj
 .debug_abbrev  0x000011bd      0x278 cmake/stm32cubemx/CMakeFiles/STM32_Drivers.dir/__/__/Drivers/STM32F4xx_HAL_Driver/Src/stm32f4xx_hal_tim.c.obj
 .debug_abbrev  0x00001435      0x283 cmake/stm32cubemx/CMakeFiles/STM32_Drivers.dir/__/__/Drivers/STM32F4xx_HAL_Driver/Src/stm32f4xx_hal_tim_ex.c.obj
 .debug_abbrev  0x000016b8      0x1f3 cmake/stm32cubemx/CMakeFiles/STM32_Drivers.dir/__/__/Drivers/STM32F4xx_HAL_Driver/Src/stm32f4xx_hal_sram.c.obj
 .debug_abbrev  0x000018ab      0x1ab cmake/stm32cubemx/CMakeFiles/STM32_Drivers.dir/__/__/Drivers/STM32F4xx_HAL_Driver/Src/stm32f4xx_ll_fsmc.c.obj
 .debug_abbrev  0x00001a56      0x285 CMakeFiles/App.dir/Core/Src/main.c.obj
 .debug_abbrev  0x00001cdb       0x73 CMakeFiles/App.dir/Core/Src/stm32f4xx_it.c.obj
 .debug_abbrev  0x00001d4e       0xd8 CMakeFiles/App.dir/Core/Src/stm32f4xx_hal_msp.c.obj
 .debug_abbrev  0x00001e26       0xbc CMakeFiles/App.dir/Core/Src/sysmem.c.obj
 .debug_abbrev  0x00001ee2      0x1b6 CMakeFiles/App.dir/Core/Src/syscalls.c.obj
 .debug_abbrev  0x00002098       0x24 CMakeFiles/App.dir/startup_stm32f407xx.s.obj
 .debug_abbrev  0x000020bc      0x25e CMakeFiles/App.dir/Drivers/SYSTEM/sys/sys.c.obj
 .debug_abbrev  0x0000231a      0x21e CMakeFiles/App.dir/Drivers/SYSTEM/usart/usart.c.obj
 .debug_abbrev  0x00002538      0x113 CMakeFiles/App.dir/Drivers/SYSTEM/delay/delay.c.obj
 .debug_abbrev  0x0000264b      0x152 CMakeFiles/App.dir/Drivers/BSP/LED/led.c.obj
 .debug_abbrev  0x0000279d      0x1b7 CMakeFiles/App.dir/Drivers/BSP/EXTI/exti.c.obj
 .debug_abbrev  0x00002954      0x1f6 CMakeFiles/App.dir/Drivers/BSP/WDG/wdg.c.obj